[INFO] Scanning for projects...
[WARNING] 
[WARNING] Some problems were encountered while building the effective model for com.team27.amazon:user-service:jar:0.0.1-SNAPSHOT
[WARNING] 'dependencies.dependency.(groupId:artifactId:type:classifier)' must be unique: com.fasterxml.jackson.datatype:jackson-datatype-jsr310:jar -> duplicate declaration of version (?) @ line 123, column 21
[WARNING] 
[WARNING] Some problems were encountered while building the effective model for com.team27.amazon:shipping-service:jar:0.0.1-SNAPSHOT
[WARNING] 'dependencies.dependency.(groupId:artifactId:type:classifier)' must be unique: org.springframework.boot:spring-boot-test-autoconfigure:jar -> duplicate declaration of version (?) @ line 134, column 21
[WARNING] 
[WARNING] It is highly recommended to fix these problems because they threaten the stability of your build.
[WARNING] 
[WARNING] For this reason, future Maven versions might no longer support building such malformed projects.
[WARNING] 
[INFO] 
[INFO] ------------------< com.team27.amazon:order-service >-------------------
[INFO] Building order-service 0.0.1-SNAPSHOT
[INFO]   from pom.xml
[INFO] --------------------------------[ jar ]---------------------------------
[INFO] 
[INFO] --- clean:3.5.0:clean (default-clean) @ order-service ---
[INFO] Deleting D:\GitHub\27-Uncle-Ali-Amazon\order-service\target
[INFO] 
[INFO] --- resources:3.3.1:resources (default-resources) @ order-service ---
[INFO] Copying 2 resources from src\main\resources to target\classes
[INFO] Copying 0 resource from src\main\resources to target\classes
[INFO] 
[INFO] --- compiler:3.14.1:compile (default-compile) @ order-service ---
[INFO] Recompiling the module because of changed source code.
[INFO] Compiling 49 source files with javac [debug parameters release 25] to target\classes
[WARNING] /D:/GitHub/27-Uncle-Ali-Amazon/order-service/src/main/java/com/team27/amazon/order/config/OrderEventConfig.java:[138,20] org.springframework.amqp.support.converter.Jackson2JsonMessageConverter in org.springframework.amqp.support.converter has been deprecated and marked for removal
[INFO] /D:/GitHub/27-Uncle-Ali-Amazon/order-service/src/main/java/com/team27/amazon/order/repository/ProductRecommendationRepository.java: D:\GitHub\27-Uncle-Ali-Amazon\order-service\src\main\java\com\team27\amazon\order\repository\ProductRecommendationRepository.java uses unchecked or unsafe operations.
[INFO] /D:/GitHub/27-Uncle-Ali-Amazon/order-service/src/main/java/com/team27/amazon/order/repository/ProductRecommendationRepository.java: Recompile with -Xlint:unchecked for details.
[INFO] 
[INFO] --- resources:3.3.1:testResources (default-testResources) @ order-service ---
[INFO] skip non existing resourceDirectory D:\GitHub\27-Uncle-Ali-Amazon\order-service\src\test\resources
[INFO] 
[INFO] --- compiler:3.14.1:testCompile (default-testCompile) @ order-service ---
[INFO] Recompiling the module because of changed dependency.
[INFO] Compiling 20 source files with javac [debug parameters release 25] to target\test-classes
[INFO] /D:/GitHub/27-Uncle-Ali-Amazon/order-service/src/test/java/com/team27/amazon/order/service/OrderItemServiceCachingTest.java: Some input files use unchecked or unsafe operations.
[INFO] /D:/GitHub/27-Uncle-Ali-Amazon/order-service/src/test/java/com/team27/amazon/order/service/OrderItemServiceCachingTest.java: Recompile with -Xlint:unchecked for details.
[INFO] 
[INFO] --- surefire:3.5.4:test (default-test) @ order-service ---
[INFO] Using auto detected provider org.apache.maven.surefire.junitplatform.JUnitPlatformProvider
[INFO] 
[INFO] -------------------------------------------------------
[INFO]  T E S T S
[INFO] -------------------------------------------------------
[INFO] Running com.team27.amazon.order.controller.OrderControllerAnalyticsDashboardTest
Mockito is currently self-attaching to enable the inline-mock-maker. This will no longer work in future releases of the JDK. Please add Mockito as an agent to your build as described in Mockito's documentation: https://javadoc.io/doc/org.mockito/mockito-core/latest/org.mockito/org/mockito/Mockito.html#0.3
WARNING: A Java agent has been loaded dynamically (C:\Users\T14\.m2\repository\net\bytebuddy\byte-buddy-agent\1.17.8\byte-buddy-agent-1.17.8.jar)
WARNING: If a serviceability tool is in use, please run with -XX:+EnableDynamicAgentLoading to hide this warning
WARNING: If a serviceability tool is not in use, please run with -Djdk.instrument.traceUsage for more information
WARNING: Dynamic loading of agents will be disallowed by default in a future release
Java HotSpot(TM) 64-Bit Server VM warning: Sharing is only supported for boot loader classes because bootstrap classpath has been appended
03:49:45.770 [main] INFO org.springframework.validation.beanvalidation.OptionalValidatorFactoryBean -- Failed to set up a Bean Validation provider: jakarta.validation.NoProviderFoundException: Unable to create a Configuration, because no Jakarta Validation provider could be found. Add a provider like Hibernate Validator (RI) to your classpath.
03:49:46.291 [main] INFO org.springframework.mock.web.MockServletContext -- Initializing Spring TestDispatcherServlet ''
03:49:46.292 [main] INFO org.springframework.test.web.servlet.TestDispatcherServlet -- Initializing Servlet ''
03:49:46.295 [main] INFO org.springframework.test.web.servlet.TestDispatcherServlet -- Completed initialization in 2 ms
[INFO] Tests run: 1, Failures: 0, Errors: 0, Skipped: 0, Time elapsed: 3.044 s -- in com.team27.amazon.order.controller.OrderControllerAnalyticsDashboardTest
[INFO] Running com.team27.amazon.order.controller.OrderControllerCancelTest
03:49:46.515 [main] INFO org.springframework.validation.beanvalidation.OptionalValidatorFactoryBean -- Failed to set up a Bean Validation provider: jakarta.validation.NoProviderFoundException: Unable to create a Configuration, because no Jakarta Validation provider could be found. Add a provider like Hibernate Validator (RI) to your classpath.
03:49:46.563 [main] INFO org.springframework.mock.web.MockServletContext -- Initializing Spring TestDispatcherServlet ''
03:49:46.564 [main] INFO org.springframework.test.web.servlet.TestDispatcherServlet -- Initializing Servlet ''
03:49:46.564 [main] INFO org.springframework.test.web.servlet.TestDispatcherServlet -- Completed initialization in 0 ms
03:49:46.796 [main] INFO org.springframework.validation.beanvalidation.OptionalValidatorFactoryBean -- Failed to set up a Bean Validation provider: jakarta.validation.NoProviderFoundException: Unable to create a Configuration, because no Jakarta Validation provider could be found. Add a provider like Hibernate Validator (RI) to your classpath.
03:49:46.828 [main] INFO org.springframework.mock.web.MockServletContext -- Initializing Spring TestDispatcherServlet ''
03:49:46.828 [main] INFO org.springframework.test.web.servlet.TestDispatcherServlet -- Initializing Servlet ''
03:49:46.829 [main] INFO org.springframework.test.web.servlet.TestDispatcherServlet -- Completed initialization in 0 ms
03:49:46.843 [main] INFO org.springframework.validation.beanvalidation.OptionalValidatorFactoryBean -- Failed to set up a Bean Validation provider: jakarta.validation.NoProviderFoundException: Unable to create a Configuration, because no Jakarta Validation provider could be found. Add a provider like Hibernate Validator (RI) to your classpath.
03:49:46.866 [main] INFO org.springframework.mock.web.MockServletContext -- Initializing Spring TestDispatcherServlet ''
03:49:46.867 [main] INFO org.springframework.test.web.servlet.TestDispatcherServlet -- Initializing Servlet ''
03:49:46.867 [main] INFO org.springframework.test.web.servlet.TestDispatcherServlet -- Completed initialization in 0 ms
[INFO] Tests run: 3, Failures: 0, Errors: 0, Skipped: 0, Time elapsed: 0.372 s -- in com.team27.amazon.order.controller.OrderControllerCancelTest
[INFO] Running com.team27.amazon.order.controller.OrderControllerConfirmTest
03:49:46.891 [main] INFO org.springframework.validation.beanvalidation.OptionalValidatorFactoryBean -- Failed to set up a Bean Validation provider: jakarta.validation.NoProviderFoundException: Unable to create a Configuration, because no Jakarta Validation provider could be found. Add a provider like Hibernate Validator (RI) to your classpath.
03:49:46.922 [main] INFO org.springframework.mock.web.MockServletContext -- Initializing Spring TestDispatcherServlet ''
03:49:46.923 [main] INFO org.springframework.test.web.servlet.TestDispatcherServlet -- Initializing Servlet ''
03:49:46.924 [main] INFO org.springframework.test.web.servlet.TestDispatcherServlet -- Completed initialization in 1 ms
03:49:46.942 [main] INFO org.springframework.validation.beanvalidation.OptionalValidatorFactoryBean -- Failed to set up a Bean Validation provider: jakarta.validation.NoProviderFoundException: Unable to create a Configuration, because no Jakarta Validation provider could be found. Add a provider like Hibernate Validator (RI) to your classpath.
03:49:46.970 [main] INFO org.springframework.mock.web.MockServletContext -- Initializing Spring TestDispatcherServlet ''
03:49:46.970 [main] INFO org.springframework.test.web.servlet.TestDispatcherServlet -- Initializing Servlet ''
03:49:46.971 [main] INFO org.springframework.test.web.servlet.TestDispatcherServlet -- Completed initialization in 1 ms
03:49:46.978 [main] WARN org.springframework.web.servlet.mvc.support.DefaultHandlerExceptionResolver -- Resolved [org.springframework.web.bind.MissingServletRequestParameterException: Required request parameter 'shippingAddressId' for method parameter type Long is not present]
03:49:46.990 [main] INFO org.springframework.validation.beanvalidation.OptionalValidatorFactoryBean -- Failed to set up a Bean Validation provider: jakarta.validation.NoProviderFoundException: Unable to create a Configuration, because no Jakarta Validation provider could be found. Add a provider like Hibernate Validator (RI) to your classpath.
03:49:47.008 [main] INFO org.springframework.mock.web.MockServletContext -- Initializing Spring TestDispatcherServlet ''
03:49:47.008 [main] INFO org.springframework.test.web.servlet.TestDispatcherServlet -- Initializing Servlet ''
03:49:47.009 [main] INFO org.springframework.test.web.servlet.TestDispatcherServlet -- Completed initialization in 1 ms
03:49:47.032 [main] INFO org.springframework.validation.beanvalidation.OptionalValidatorFactoryBean -- Failed to set up a Bean Validation provider: jakarta.validation.NoProviderFoundException: Unable to create a Configuration, because no Jakarta Validation provider could be found. Add a provider like Hibernate Validator (RI) to your classpath.
03:49:47.065 [main] INFO org.springframework.mock.web.MockServletContext -- Initializing Spring TestDispatcherServlet ''
03:49:47.065 [main] INFO org.springframework.test.web.servlet.TestDispatcherServlet -- Initializing Servlet ''
03:49:47.065 [main] INFO org.springframework.test.web.servlet.TestDispatcherServlet -- Completed initialization in 0 ms
[INFO] Tests run: 4, Failures: 0, Errors: 0, Skipped: 0, Time elapsed: 0.193 s -- in com.team27.amazon.order.controller.OrderControllerConfirmTest
[INFO] Running com.team27.amazon.order.controller.OrderControllerDetailsTest
[INFO] Tests run: 1, Failures: 0, Errors: 0, Skipped: 0, Time elapsed: 0.014 s -- in com.team27.amazon.order.controller.OrderControllerDetailsTest
[INFO] Running com.team27.amazon.order.controller.OrderControllerEstimateTest
03:49:47.114 [main] INFO org.springframework.validation.beanvalidation.OptionalValidatorFactoryBean -- Failed to set up a Bean Validation provider: jakarta.validation.NoProviderFoundException: Unable to create a Configuration, because no Jakarta Validation provider could be found. Add a provider like Hibernate Validator (RI) to your classpath.
03:49:47.147 [main] INFO org.springframework.mock.web.MockServletContext -- Initializing Spring TestDispatcherServlet ''
03:49:47.147 [main] INFO org.springframework.test.web.servlet.TestDispatcherServlet -- Initializing Servlet ''
03:49:47.147 [main] INFO org.springframework.test.web.servlet.TestDispatcherServlet -- Completed initialization in 0 ms
03:49:47.286 [main] INFO org.springframework.validation.beanvalidation.OptionalValidatorFactoryBean -- Failed to set up a Bean Validation provider: jakarta.validation.NoProviderFoundException: Unable to create a Configuration, because no Jakarta Validation provider could be found. Add a provider like Hibernate Validator (RI) to your classpath.
03:49:47.299 [main] INFO org.springframework.mock.web.MockServletContext -- Initializing Spring TestDispatcherServlet ''
03:49:47.299 [main] INFO org.springframework.test.web.servlet.TestDispatcherServlet -- Initializing Servlet ''
03:49:47.299 [main] INFO org.springframework.test.web.servlet.TestDispatcherServlet -- Completed initialization in 0 ms
03:49:47.320 [main] INFO org.springframework.validation.beanvalidation.OptionalValidatorFactoryBean -- Failed to set up a Bean Validation provider: jakarta.validation.NoProviderFoundException: Unable to create a Configuration, because no Jakarta Validation provider could be found. Add a provider like Hibernate Validator (RI) to your classpath.
03:49:47.339 [main] INFO org.springframework.mock.web.MockServletContext -- Initializing Spring TestDispatcherServlet ''
03:49:47.339 [main] INFO org.springframework.test.web.servlet.TestDispatcherServlet -- Initializing Servlet ''
03:49:47.339 [main] INFO org.springframework.test.web.servlet.TestDispatcherServlet -- Completed initialization in 0 ms
[INFO] Tests run: 3, Failures: 0, Errors: 0, Skipped: 0, Time elapsed: 0.239 s -- in com.team27.amazon.order.controller.OrderControllerEstimateTest
[INFO] Running com.team27.amazon.order.controller.OrderControllerSearchTest
03:49:47.356 [main] INFO org.springframework.validation.beanvalidation.OptionalValidatorFactoryBean -- Failed to set up a Bean Validation provider: jakarta.validation.NoProviderFoundException: Unable to create a Configuration, because no Jakarta Validation provider could be found. Add a provider like Hibernate Validator (RI) to your classpath.
03:49:47.376 [main] INFO org.springframework.mock.web.MockServletContext -- Initializing Spring TestDispatcherServlet ''
03:49:47.376 [main] INFO org.springframework.test.web.servlet.TestDispatcherServlet -- Initializing Servlet ''
03:49:47.377 [main] INFO org.springframework.test.web.servlet.TestDispatcherServlet -- Completed initialization in 0 ms
03:49:47.380 [main] WARN org.springframework.web.servlet.mvc.support.DefaultHandlerExceptionResolver -- Resolved [org.springframework.web.bind.MissingServletRequestParameterException: Required request parameter 'endDate' for method parameter type LocalDate is not present]
03:49:47.389 [main] INFO org.springframework.validation.beanvalidation.OptionalValidatorFactoryBean -- Failed to set up a Bean Validation provider: jakarta.validation.NoProviderFoundException: Unable to create a Configuration, because no Jakarta Validation provider could be found. Add a provider like Hibernate Validator (RI) to your classpath.
03:49:47.402 [main] INFO org.springframework.mock.web.MockServletContext -- Initializing Spring TestDispatcherServlet ''
03:49:47.403 [main] INFO org.springframework.test.web.servlet.TestDispatcherServlet -- Initializing Servlet ''
03:49:47.403 [main] INFO org.springframework.test.web.servlet.TestDispatcherServlet -- Completed initialization in 0 ms
03:49:47.423 [main] WARN org.springframework.web.servlet.mvc.support.DefaultHandlerExceptionResolver -- Resolved [org.springframework.web.method.annotation.MethodArgumentTypeMismatchException: Method parameter 'status': Failed to convert value of type 'java.lang.String' to required type 'com.team27.amazon.order.model.OrderStatus'; Failed to convert from type [java.lang.String] to type [@org.springframework.web.bind.annotation.RequestParam com.team27.amazon.order.model.OrderStatus] for value [NOT_A_STATUS]]
03:49:47.430 [main] INFO org.springframework.validation.beanvalidation.OptionalValidatorFactoryBean -- Failed to set up a Bean Validation provider: jakarta.validation.NoProviderFoundException: Unable to create a Configuration, because no Jakarta Validation provider could be found. Add a provider like Hibernate Validator (RI) to your classpath.
03:49:47.446 [main] INFO org.springframework.mock.web.MockServletContext -- Initializing Spring TestDispatcherServlet ''
03:49:47.446 [main] INFO org.springframework.test.web.servlet.TestDispatcherServlet -- Initializing Servlet ''
03:49:47.446 [main] INFO org.springframework.test.web.servlet.TestDispatcherServlet -- Completed initialization in 0 ms
03:49:47.480 [main] INFO org.springframework.validation.beanvalidation.OptionalValidatorFactoryBean -- Failed to set up a Bean Validation provider: jakarta.validation.NoProviderFoundException: Unable to create a Configuration, because no Jakarta Validation provider could be found. Add a provider like Hibernate Validator (RI) to your classpath.
03:49:47.492 [main] INFO org.springframework.mock.web.MockServletContext -- Initializing Spring TestDispatcherServlet ''
03:49:47.493 [main] INFO org.springframework.test.web.servlet.TestDispatcherServlet -- Initializing Servlet ''
03:49:47.493 [main] INFO org.springframework.test.web.servlet.TestDispatcherServlet -- Completed initialization in 0 ms
03:49:47.497 [main] WARN org.springframework.web.servlet.mvc.support.DefaultHandlerExceptionResolver -- Resolved [org.springframework.web.method.annotation.MethodArgumentTypeMismatchException: Method parameter 'startDate': Failed to convert value of type 'java.lang.String' to required type 'java.time.LocalDate'; Failed to convert from type [java.lang.String] to type [@org.springframework.web.bind.annotation.RequestParam @org.springframework.format.annotation.DateTimeFormat java.time.LocalDate] for value [03-01-2026]]
03:49:47.509 [main] INFO org.springframework.validation.beanvalidation.OptionalValidatorFactoryBean -- Failed to set up a Bean Validation provider: jakarta.validation.NoProviderFoundException: Unable to create a Configuration, because no Jakarta Validation provider could be found. Add a provider like Hibernate Validator (RI) to your classpath.
03:49:47.524 [main] INFO org.springframework.mock.web.MockServletContext -- Initializing Spring TestDispatcherServlet ''
03:49:47.524 [main] INFO org.springframework.test.web.servlet.TestDispatcherServlet -- Initializing Servlet ''
03:49:47.524 [main] INFO org.springframework.test.web.servlet.TestDispatcherServlet -- Completed initialization in 0 ms
03:49:47.546 [main] INFO org.springframework.validation.beanvalidation.OptionalValidatorFactoryBean -- Failed to set up a Bean Validation provider: jakarta.validation.NoProviderFoundException: Unable to create a Configuration, because no Jakarta Validation provider could be found. Add a provider like Hibernate Validator (RI) to your classpath.
03:49:47.558 [main] INFO org.springframework.mock.web.MockServletContext -- Initializing Spring TestDispatcherServlet ''
03:49:47.560 [main] INFO org.springframework.test.web.servlet.TestDispatcherServlet -- Initializing Servlet ''
03:49:47.560 [main] INFO org.springframework.test.web.servlet.TestDispatcherServlet -- Completed initialization in 0 ms
03:49:47.562 [main] WARN org.springframework.web.servlet.mvc.support.DefaultHandlerExceptionResolver -- Resolved [org.springframework.web.bind.MissingServletRequestParameterException: Required request parameter 'startDate' for method parameter type LocalDate is not present]
03:49:47.571 [main] INFO org.springframework.validation.beanvalidation.OptionalValidatorFactoryBean -- Failed to set up a Bean Validation provider: jakarta.validation.NoProviderFoundException: Unable to create a Configuration, because no Jakarta Validation provider could be found. Add a provider like Hibernate Validator (RI) to your classpath.
03:49:47.580 [main] INFO org.springframework.mock.web.MockServletContext -- Initializing Spring TestDispatcherServlet ''
03:49:47.580 [main] INFO org.springframework.test.web.servlet.TestDispatcherServlet -- Initializing Servlet ''
03:49:47.580 [main] INFO org.springframework.test.web.servlet.TestDispatcherServlet -- Completed initialization in 0 ms
[INFO] Tests run: 7, Failures: 0, Errors: 0, Skipped: 0, Time elapsed: 0.239 s -- in com.team27.amazon.order.controller.OrderControllerSearchTest
[INFO] Running com.team27.amazon.order.controller.OrderRecommendationControllerS3F12Test
03:49:47.653 [main] INFO org.springframework.validation.beanvalidation.OptionalValidatorFactoryBean -- Failed to set up a Bean Validation provider: jakarta.validation.NoProviderFoundException: Unable to create a Configuration, because no Jakarta Validation provider could be found. Add a provider like Hibernate Validator (RI) to your classpath.
03:49:47.657 [main] INFO org.springframework.mock.web.MockServletContext -- Initializing Spring TestDispatcherServlet ''
03:49:47.657 [main] INFO org.springframework.test.web.servlet.TestDispatcherServlet -- Initializing Servlet ''
03:49:47.657 [main] INFO org.springframework.test.web.servlet.TestDispatcherServlet -- Completed initialization in 0 ms
03:49:47.672 [main] INFO org.springframework.validation.beanvalidation.OptionalValidatorFactoryBean -- Failed to set up a Bean Validation provider: jakarta.validation.NoProviderFoundException: Unable to create a Configuration, because no Jakarta Validation provider could be found. Add a provider like Hibernate Validator (RI) to your classpath.
03:49:47.675 [main] INFO org.springframework.mock.web.MockServletContext -- Initializing Spring TestDispatcherServlet ''
03:49:47.675 [main] INFO org.springframework.test.web.servlet.TestDispatcherServlet -- Initializing Servlet ''
03:49:47.675 [main] INFO org.springframework.test.web.servlet.TestDispatcherServlet -- Completed initialization in 0 ms
03:49:47.702 [main] INFO org.springframework.validation.beanvalidation.OptionalValidatorFactoryBean -- Failed to set up a Bean Validation provider: jakarta.validation.NoProviderFoundException: Unable to create a Configuration, because no Jakarta Validation provider could be found. Add a provider like Hibernate Validator (RI) to your classpath.
03:49:47.704 [main] INFO org.springframework.mock.web.MockServletContext -- Initializing Spring TestDispatcherServlet ''
03:49:47.705 [main] INFO org.springframework.test.web.servlet.TestDispatcherServlet -- Initializing Servlet ''
03:49:47.705 [main] INFO org.springframework.test.web.servlet.TestDispatcherServlet -- Completed initialization in 0 ms
03:49:47.720 [main] INFO org.springframework.validation.beanvalidation.OptionalValidatorFactoryBean -- Failed to set up a Bean Validation provider: jakarta.validation.NoProviderFoundException: Unable to create a Configuration, because no Jakarta Validation provider could be found. Add a provider like Hibernate Validator (RI) to your classpath.
03:49:47.722 [main] INFO org.springframework.mock.web.MockServletContext -- Initializing Spring TestDispatcherServlet ''
03:49:47.722 [main] INFO org.springframework.test.web.servlet.TestDispatcherServlet -- Initializing Servlet ''
03:49:47.723 [main] INFO org.springframework.test.web.servlet.TestDispatcherServlet -- Completed initialization in 1 ms
03:49:47.746 [main] INFO org.springframework.validation.beanvalidation.OptionalValidatorFactoryBean -- Failed to set up a Bean Validation provider: jakarta.validation.NoProviderFoundException: Unable to create a Configuration, because no Jakarta Validation provider could be found. Add a provider like Hibernate Validator (RI) to your classpath.
03:49:47.748 [main] INFO org.springframework.mock.web.MockServletContext -- Initializing Spring TestDispatcherServlet ''
03:49:47.748 [main] INFO org.springframework.test.web.servlet.TestDispatcherServlet -- Initializing Servlet ''
03:49:47.748 [main] INFO org.springframework.test.web.servlet.TestDispatcherServlet -- Completed initialization in 0 ms
[INFO] Tests run: 5, Failures: 0, Errors: 0, Skipped: 0, Time elapsed: 0.167 s -- in com.team27.amazon.order.controller.OrderRecommendationControllerS3F12Test
[INFO] Running com.team27.amazon.order.model.mongo.EventFactoryTest
[INFO] Tests run: 1, Failures: 0, Errors: 0, Skipped: 0, Time elapsed: 0.013 s -- in com.team27.amazon.order.model.mongo.EventFactoryTest
[INFO] Running com.team27.amazon.order.OrderServiceApplicationTests
03:49:47.848 [main] INFO org.springframework.test.context.support.AnnotationConfigContextLoaderUtils -- Could not detect default configuration classes for test class [com.team27.amazon.order.OrderServiceApplicationTests]: OrderServiceApplicationTests does not declare any static, non-private, non-final, nested classes annotated with @Configuration.
03:49:48.034 [main] INFO org.springframework.boot.test.context.SpringBootTestContextBootstrapper -- Found @SpringBootConfiguration com.team27.amazon.order.OrderServiceApplication for test class com.team27.amazon.order.OrderServiceApplicationTests
03:49:48.476 [main] INFO org.springframework.boot.devtools.restart.RestartApplicationListener -- Restart disabled due to context in which it is running

  .   ____          _            __ _ _
 /\\ / ___'_ __ _ _(_)_ __  __ _ \ \ \ \
( ( )\___ | '_ | '_| | '_ \/ _` | \ \ \ \
 \\/  ___)| |_)| | | | | || (_| |  ) ) ) )
  '  |____| .__|_| |_|_| |_\__, | / / / /
 =========|_|==============|___/=/_/_/_/

 :: Spring Boot ::                (v4.0.3)

2026-05-17T03:49:50.139+03:00  INFO 4500 --- [order-service] [           main] c.t.a.o.OrderServiceApplicationTests     : Starting OrderServiceApplicationTests using Java 25.0.2 with PID 4500 (started by X1 in D:\GitHub\27-Uncle-Ali-Amazon\order-service)
2026-05-17T03:49:50.142+03:00  INFO 4500 --- [order-service] [           main] c.t.a.o.OrderServiceApplicationTests     : The following 1 profile is active: "test"
2026-05-17T03:49:52.597+03:00  INFO 4500 --- [order-service] [           main] .s.d.r.c.RepositoryConfigurationDelegate : Multiple Spring Data modules found, entering strict repository configuration mode
2026-05-17T03:49:52.600+03:00  INFO 4500 --- [order-service] [           main] .s.d.r.c.RepositoryConfigurationDelegate : Bootstrapping Spring Data JPA repositories in DEFAULT mode.
2026-05-17T03:49:52.715+03:00  INFO 4500 --- [order-service] [           main] .RepositoryConfigurationExtensionSupport : Spring Data JPA - Could not safely identify store assignment for repository candidate interface com.team27.amazon.order.repository.OrderEventRepository; If you want this repository to be a JPA repository, consider annotating your entities with one of these annotations: jakarta.persistence.Entity, jakarta.persistence.MappedSuperclass (preferred), or consider extending one of the following types with your repository: org.springframework.data.jpa.repository.JpaRepository
2026-05-17T03:49:52.770+03:00  INFO 4500 --- [order-service] [           main] .s.d.r.c.RepositoryConfigurationDelegate : Finished Spring Data repository scanning in 153 ms. Found 2 JPA repository interfaces.
2026-05-17T03:49:52.837+03:00  INFO 4500 --- [order-service] [           main] .s.d.r.c.RepositoryConfigurationDelegate : Multiple Spring Data modules found, entering strict repository configuration mode
2026-05-17T03:49:52.838+03:00  INFO 4500 --- [order-service] [           main] .s.d.r.c.RepositoryConfigurationDelegate : Bootstrapping Spring Data MongoDB repositories in DEFAULT mode.
2026-05-17T03:49:52.866+03:00  INFO 4500 --- [order-service] [           main] .RepositoryConfigurationExtensionSupport : Spring Data MongoDB - Could not safely identify store assignment for repository candidate interface com.team27.amazon.order.repository.OrderItemRepository; If you want this repository to be a MongoDB repository, consider annotating your entities with one of these annotations: org.springframework.data.mongodb.core.mapping.Document (preferred), or consider extending one of the following types with your repository: org.springframework.data.mongodb.repository.MongoRepository
2026-05-17T03:49:52.867+03:00  INFO 4500 --- [order-service] [           main] .RepositoryConfigurationExtensionSupport : Spring Data MongoDB - Could not safely identify store assignment for repository candidate interface com.team27.amazon.order.repository.OrderRepository; If you want this repository to be a MongoDB repository, consider annotating your entities with one of these annotations: org.springframework.data.mongodb.core.mapping.Document (preferred), or consider extending one of the following types with your repository: org.springframework.data.mongodb.repository.MongoRepository
2026-05-17T03:49:52.888+03:00  INFO 4500 --- [order-service] [           main] .s.d.r.c.RepositoryConfigurationDelegate : Finished Spring Data repository scanning in 46 ms. Found 1 MongoDB repository interface.
2026-05-17T03:49:52.926+03:00  INFO 4500 --- [order-service] [           main] .s.d.r.c.RepositoryConfigurationDelegate : Multiple Spring Data modules found, entering strict repository configuration mode
2026-05-17T03:49:52.928+03:00  INFO 4500 --- [order-service] [           main] .s.d.r.c.RepositoryConfigurationDelegate : Bootstrapping Spring Data Neo4j repositories in DEFAULT mode.
2026-05-17T03:49:52.950+03:00  INFO 4500 --- [order-service] [           main] .RepositoryConfigurationExtensionSupport : Spring Data Neo4j - Could not safely identify store assignment for repository candidate interface com.team27.amazon.order.repository.OrderEventRepository; If you want this repository to be a Neo4j repository, consider annotating your entities with one of these annotations: org.springframework.data.neo4j.core.schema.Node, org.springframework.data.neo4j.core.schema.RelationshipProperties (preferred), or consider extending one of the following types with your repository: org.springframework.data.neo4j.repository.ReactiveNeo4jRepository
2026-05-17T03:49:52.950+03:00  INFO 4500 --- [order-service] [           main] .RepositoryConfigurationExtensionSupport : Spring Data Neo4j - Could not safely identify store assignment for repository candidate interface com.team27.amazon.order.repository.OrderItemRepository; If you want this repository to be a Neo4j repository, consider annotating your entities with one of these annotations: org.springframework.data.neo4j.core.schema.Node, org.springframework.data.neo4j.core.schema.RelationshipProperties (preferred), or consider extending one of the following types with your repository: org.springframework.data.neo4j.repository.ReactiveNeo4jRepository
2026-05-17T03:49:52.951+03:00  INFO 4500 --- [order-service] [           main] .RepositoryConfigurationExtensionSupport : Spring Data Neo4j - Could not safely identify store assignment for repository candidate interface com.team27.amazon.order.repository.OrderRepository; If you want this repository to be a Neo4j repository, consider annotating your entities with one of these annotations: org.springframework.data.neo4j.core.schema.Node, org.springframework.data.neo4j.core.schema.RelationshipProperties (preferred), or consider extending one of the following types with your repository: org.springframework.data.neo4j.repository.ReactiveNeo4jRepository
2026-05-17T03:49:52.951+03:00  INFO 4500 --- [order-service] [           main] .s.d.r.c.RepositoryConfigurationDelegate : Finished Spring Data repository scanning in 19 ms. Found 0 Neo4j repository interfaces.
2026-05-17T03:49:52.961+03:00  INFO 4500 --- [order-service] [           main] .s.d.r.c.RepositoryConfigurationDelegate : Multiple Spring Data modules found, entering strict repository configuration mode
2026-05-17T03:49:52.961+03:00  INFO 4500 --- [order-service] [           main] .s.d.r.c.RepositoryConfigurationDelegate : Bootstrapping Spring Data Neo4j repositories in DEFAULT mode.
2026-05-17T03:49:52.989+03:00  INFO 4500 --- [order-service] [           main] .RepositoryConfigurationExtensionSupport : Spring Data Neo4j - Could not safely identify store assignment for repository candidate interface com.team27.amazon.order.repository.OrderEventRepository; If you want this repository to be a Neo4j repository, consider annotating your entities with one of these annotations: org.springframework.data.neo4j.core.schema.Node, org.springframework.data.neo4j.core.schema.RelationshipProperties (preferred), or consider extending one of the following types with your repository: org.springframework.data.neo4j.repository.Neo4jRepository
2026-05-17T03:49:52.989+03:00  INFO 4500 --- [order-service] [           main] .RepositoryConfigurationExtensionSupport : Spring Data Neo4j - Could not safely identify store assignment for repository candidate interface com.team27.amazon.order.repository.OrderItemRepository; If you want this repository to be a Neo4j repository, consider annotating your entities with one of these annotations: org.springframework.data.neo4j.core.schema.Node, org.springframework.data.neo4j.core.schema.RelationshipProperties (preferred), or consider extending one of the following types with your repository: org.springframework.data.neo4j.repository.Neo4jRepository
2026-05-17T03:49:52.989+03:00  INFO 4500 --- [order-service] [           main] .RepositoryConfigurationExtensionSupport : Spring Data Neo4j - Could not safely identify store assignment for repository candidate interface com.team27.amazon.order.repository.OrderRepository; If you want this repository to be a Neo4j repository, consider annotating your entities with one of these annotations: org.springframework.data.neo4j.core.schema.Node, org.springframework.data.neo4j.core.schema.RelationshipProperties (preferred), or consider extending one of the following types with your repository: org.springframework.data.neo4j.repository.Neo4jRepository
2026-05-17T03:49:52.990+03:00  INFO 4500 --- [order-service] [           main] .s.d.r.c.RepositoryConfigurationDelegate : Finished Spring Data repository scanning in 23 ms. Found 0 Neo4j repository interfaces.
2026-05-17T03:49:53.013+03:00  INFO 4500 --- [order-service] [           main] .s.d.r.c.RepositoryConfigurationDelegate : Multiple Spring Data modules found, entering strict repository configuration mode
2026-05-17T03:49:53.015+03:00  INFO 4500 --- [order-service] [           main] .s.d.r.c.RepositoryConfigurationDelegate : Bootstrapping Spring Data Redis repositories in DEFAULT mode.
2026-05-17T03:49:53.048+03:00  INFO 4500 --- [order-service] [           main] .RepositoryConfigurationExtensionSupport : Spring Data Redis - Could not safely identify store assignment for repository candidate interface com.team27.amazon.order.repository.OrderEventRepository; If you want this repository to be a Redis repository, consider annotating your entities with one of these annotations: org.springframework.data.redis.core.RedisHash (preferred), or consider extending one of the following types with your repository: org.springframework.data.keyvalue.repository.KeyValueRepository
2026-05-17T03:49:53.048+03:00  INFO 4500 --- [order-service] [           main] .RepositoryConfigurationExtensionSupport : Spring Data Redis - Could not safely identify store assignment for repository candidate interface com.team27.amazon.order.repository.OrderItemRepository; If you want this repository to be a Redis repository, consider annotating your entities with one of these annotations: org.springframework.data.redis.core.RedisHash (preferred), or consider extending one of the following types with your repository: org.springframework.data.keyvalue.repository.KeyValueRepository
2026-05-17T03:49:53.049+03:00  INFO 4500 --- [order-service] [           main] .RepositoryConfigurationExtensionSupport : Spring Data Redis - Could not safely identify store assignment for repository candidate interface com.team27.amazon.order.repository.OrderRepository; If you want this repository to be a Redis repository, consider annotating your entities with one of these annotations: org.springframework.data.redis.core.RedisHash (preferred), or consider extending one of the following types with your repository: org.springframework.data.keyvalue.repository.KeyValueRepository
2026-05-17T03:49:53.049+03:00  INFO 4500 --- [order-service] [           main] .s.d.r.c.RepositoryConfigurationDelegate : Finished Spring Data repository scanning in 18 ms. Found 0 Redis repository interfaces.
2026-05-17T03:49:53.644+03:00  INFO 4500 --- [order-service] [           main] o.s.cloud.context.scope.GenericScope     : BeanFactory id=92cdf9c4-c72e-3f9d-860e-339d64cfe310
2026-05-17T03:49:54.294+03:00  INFO 4500 --- [order-service] [           main] org.hibernate.orm.jpa                    : HHH008540: Processing PersistenceUnitInfo [name: default]
2026-05-17T03:49:54.390+03:00  INFO 4500 --- [order-service] [           main] org.hibernate.orm.core                   : HHH000001: Hibernate ORM core version 7.2.4.Final
2026-05-17T03:49:54.993+03:00  INFO 4500 --- [order-service] [           main] o.s.o.j.p.SpringPersistenceUnitInfo      : No LoadTimeWeaver setup: ignoring JPA class transformer
2026-05-17T03:49:55.055+03:00  INFO 4500 --- [order-service] [           main] com.zaxxer.hikari.HikariDataSource       : HikariPool-1 - Starting...
2026-05-17T03:49:55.411+03:00  INFO 4500 --- [order-service] [           main] com.zaxxer.hikari.pool.HikariPool        : HikariPool-1 - Added connection conn0: url=jdbc:h2:mem:testdb user=SA
2026-05-17T03:49:55.412+03:00  INFO 4500 --- [order-service] [           main] com.zaxxer.hikari.HikariDataSource       : HikariPool-1 - Start completed.
2026-05-17T03:49:55.448+03:00  WARN 4500 --- [order-service] [           main] org.hibernate.orm.deprecation            : HHH90000025: H2Dialect does not need to be specified explicitly using 'hibernate.dialect' (remove the property setting and it will be selected by default)
2026-05-17T03:49:55.486+03:00  INFO 4500 --- [order-service] [           main] org.hibernate.orm.connections.pooling    : HHH10001005: Database info:
	Database JDBC URL [jdbc:h2:mem:testdb]
	Database driver: H2 JDBC Driver
	Database dialect: H2Dialect
	Database version: 2.4.240
	Default catalog/schema: TESTDB/PUBLIC
	Autocommit mode: undefined/unknown
	Isolation level: READ_COMMITTED [default READ_COMMITTED]
	JDBC fetch size: 100
	Pool: DataSourceConnectionProvider
	Minimum pool size: undefined/unknown
	Maximum pool size: undefined/unknown
2026-05-17T03:49:57.273+03:00  INFO 4500 --- [order-service] [           main] org.hibernate.orm.core                   : HHH000489: No JTA platform available (set 'hibernate.transaction.jta.platform' to enable JTA platform integration)
Hibernate: drop table if exists order_items cascade 
Hibernate: drop table if exists orders cascade 
Hibernate: create table order_items (item_order integer not null, price_at_purchase float(53) not null, quantity integer not null, id bigint generated by default as identity, order_id bigint not null, product_id bigint not null, metadata jsonb default '{}'::jsonb not null, primary key (id))
2026-05-17T03:49:57.342+03:00  WARN 4500 --- [order-service] [           main] o.h.t.s.i.ExceptionHandlerLoggedImpl     : GenerationTarget encountered exception accepting command : Error executing DDL "create table order_items (item_order integer not null, price_at_purchase float(53) not null, quantity integer not null, id bigint generated by default as identity, order_id bigint not null, product_id bigint not null, metadata jsonb default '{}'::jsonb not null, primary key (id))" via JDBC [Unknown data type: "JSONB";]

org.hibernate.tool.schema.spi.CommandAcceptanceException: Error executing DDL "create table order_items (item_order integer not null, price_at_purchase float(53) not null, quantity integer not null, id bigint generated by default as identity, order_id bigint not null, product_id bigint not null, metadata jsonb default '{}'::jsonb not null, primary key (id))" via JDBC [Unknown data type: "JSONB";]
	at org.hibernate.tool.schema.internal.exec.GenerationTargetToDatabase.accept(GenerationTargetToDatabase.java:81) ~[hibernate-core-7.2.4.Final.jar:7.2.4.Final]
	at org.hibernate.tool.schema.internal.Helper.applySqlString(Helper.java:218) ~[hibernate-core-7.2.4.Final.jar:7.2.4.Final]
	at org.hibernate.tool.schema.internal.Helper.applySqlStrings(Helper.java:204) ~[hibernate-core-7.2.4.Final.jar:7.2.4.Final]
	at org.hibernate.tool.schema.internal.SchemaCreatorImpl.createTables(SchemaCreatorImpl.java:404) ~[hibernate-core-7.2.4.Final.jar:7.2.4.Final]
	at org.hibernate.tool.schema.internal.SchemaCreatorImpl.createSequencesTablesConstraints(SchemaCreatorImpl.java:320) ~[hibernate-core-7.2.4.Final.jar:7.2.4.Final]
	at org.hibernate.tool.schema.internal.SchemaCreatorImpl.createFromMetadata(SchemaCreatorImpl.java:215) ~[hibernate-core-7.2.4.Final.jar:7.2.4.Final]
	at org.hibernate.tool.schema.internal.SchemaCreatorImpl.performCreation(SchemaCreatorImpl.java:151) ~[hibernate-core-7.2.4.Final.jar:7.2.4.Final]
	at org.hibernate.tool.schema.internal.SchemaCreatorImpl.doCreation(SchemaCreatorImpl.java:121) ~[hibernate-core-7.2.4.Final.jar:7.2.4.Final]
	at org.hibernate.tool.schema.internal.SchemaCreatorImpl.doCreation(SchemaCreatorImpl.java:97) ~[hibernate-core-7.2.4.Final.jar:7.2.4.Final]
	at org.hibernate.tool.schema.spi.SchemaManagementToolCoordinator.performDatabaseAction(SchemaManagementToolCoordinator.java:239) ~[hibernate-core-7.2.4.Final.jar:7.2.4.Final]
	at org.hibernate.tool.schema.spi.SchemaManagementToolCoordinator.lambda$process$1(SchemaManagementToolCoordinator.java:101) ~[hibernate-core-7.2.4.Final.jar:7.2.4.Final]
	at java.base/java.util.HashMap.forEach(HashMap.java:1430) ~[na:na]
	at org.hibernate.tool.schema.spi.SchemaManagementToolCoordinator.process(SchemaManagementToolCoordinator.java:100) ~[hibernate-core-7.2.4.Final.jar:7.2.4.Final]
	at org.hibernate.boot.internal.SessionFactoryObserverForSchemaExport.sessionFactoryCreated(SessionFactoryObserverForSchemaExport.java:35) ~[hibernate-core-7.2.4.Final.jar:7.2.4.Final]
	at org.hibernate.internal.SessionFactoryObserverChain.sessionFactoryCreated(SessionFactoryObserverChain.java:33) ~[hibernate-core-7.2.4.Final.jar:7.2.4.Final]
	at org.hibernate.internal.SessionFactoryImpl.<init>(SessionFactoryImpl.java:323) ~[hibernate-core-7.2.4.Final.jar:7.2.4.Final]
	at org.hibernate.internal.SessionFactoryRegistry.instantiateSessionFactory(SessionFactoryRegistry.java:64) ~[hibernate-core-7.2.4.Final.jar:7.2.4.Final]
	at org.hibernate.boot.internal.SessionFactoryBuilderImpl.build(SessionFactoryBuilderImpl.java:437) ~[hibernate-core-7.2.4.Final.jar:7.2.4.Final]
	at org.hibernate.jpa.boot.internal.EntityManagerFactoryBuilderImpl.build(EntityManagerFactoryBuilderImpl.java:1456) ~[hibernate-core-7.2.4.Final.jar:7.2.4.Final]
	at org.springframework.orm.jpa.vendor.SpringHibernateJpaPersistenceProvider.createContainerEntityManagerFactory(SpringHibernateJpaPersistenceProvider.java:93) ~[spring-orm-7.0.5.jar:7.0.5]
	at org.springframework.orm.jpa.LocalContainerEntityManagerFactoryBean.createNativeEntityManagerFactory(LocalContainerEntityManagerFactoryBean.java:443) ~[spring-orm-7.0.5.jar:7.0.5]
	at org.springframework.orm.jpa.AbstractEntityManagerFactoryBean.buildNativeEntityManagerFactory(AbstractEntityManagerFactoryBean.java:436) ~[spring-orm-7.0.5.jar:7.0.5]
	at org.springframework.orm.jpa.AbstractEntityManagerFactoryBean.afterPropertiesSet(AbstractEntityManagerFactoryBean.java:411) ~[spring-orm-7.0.5.jar:7.0.5]
	at org.springframework.orm.jpa.LocalContainerEntityManagerFactoryBean.afterPropertiesSet(LocalContainerEntityManagerFactoryBean.java:419) ~[spring-orm-7.0.5.jar:7.0.5]
	at org.springframework.beans.factory.support.AbstractAutowireCapableBeanFactory.invokeInitMethods(AbstractAutowireCapableBeanFactory.java:1864) ~[spring-beans-7.0.5.jar:7.0.5]
	at org.springframework.beans.factory.support.AbstractAutowireCapableBeanFactory.initializeBean(AbstractAutowireCapableBeanFactory.java:1813) ~[spring-beans-7.0.5.jar:7.0.5]
	at org.springframework.beans.factory.support.AbstractAutowireCapableBeanFactory.doCreateBean(AbstractAutowireCapableBeanFactory.java:603) ~[spring-beans-7.0.5.jar:7.0.5]
	at org.springframework.beans.factory.support.AbstractAutowireCapableBeanFactory.createBean(AbstractAutowireCapableBeanFactory.java:525) ~[spring-beans-7.0.5.jar:7.0.5]
	at org.springframework.beans.factory.support.AbstractBeanFactory.lambda$doGetBean$0(AbstractBeanFactory.java:333) ~[spring-beans-7.0.5.jar:7.0.5]
	at org.springframework.beans.factory.support.DefaultSingletonBeanRegistry.getSingleton(DefaultSingletonBeanRegistry.java:371) ~[spring-beans-7.0.5.jar:7.0.5]
	at org.springframework.beans.factory.support.AbstractBeanFactory.doGetBean(AbstractBeanFactory.java:331) ~[spring-beans-7.0.5.jar:7.0.5]
	at org.springframework.beans.factory.support.AbstractBeanFactory.getBean(AbstractBeanFactory.java:201) ~[spring-beans-7.0.5.jar:7.0.5]
	at org.springframework.context.support.AbstractApplicationContext.finishBeanFactoryInitialization(AbstractApplicationContext.java:977) ~[spring-context-7.0.5.jar:7.0.5]
	at org.springframework.context.support.AbstractApplicationContext.refresh(AbstractApplicationContext.java:621) ~[spring-context-7.0.5.jar:7.0.5]
	at org.springframework.boot.SpringApplication.refresh(SpringApplication.java:756) ~[spring-boot-4.0.3.jar:4.0.3]
	at org.springframework.boot.SpringApplication.refreshContext(SpringApplication.java:445) ~[spring-boot-4.0.3.jar:4.0.3]
	at org.springframework.boot.SpringApplication.run(SpringApplication.java:321) ~[spring-boot-4.0.3.jar:4.0.3]
	at org.springframework.boot.test.context.SpringBootContextLoader.lambda$loadContext$2(SpringBootContextLoader.java:156) ~[spring-boot-test-4.0.3.jar:4.0.3]
	at org.springframework.util.function.ThrowingSupplier.get(ThrowingSupplier.java:58) ~[spring-core-7.0.5.jar:7.0.5]
	at org.springframework.util.function.ThrowingSupplier.get(ThrowingSupplier.java:46) ~[spring-core-7.0.5.jar:7.0.5]
	at org.springframework.boot.SpringApplication.withHook(SpringApplication.java:1465) ~[spring-boot-4.0.3.jar:4.0.3]
	at org.springframework.boot.test.context.SpringBootContextLoader$ContextLoaderHook.run(SpringBootContextLoader.java:605) ~[spring-boot-test-4.0.3.jar:4.0.3]
	at org.springframework.boot.test.context.SpringBootContextLoader.loadContext(SpringBootContextLoader.java:156) ~[spring-boot-test-4.0.3.jar:4.0.3]
	at org.springframework.boot.test.context.SpringBootContextLoader.loadContext(SpringBootContextLoader.java:115) ~[spring-boot-test-4.0.3.jar:4.0.3]
	at org.springframework.test.context.cache.DefaultCacheAwareContextLoaderDelegate.loadContextInternal(DefaultCacheAwareContextLoaderDelegate.java:247) ~[spring-test-7.0.5.jar:7.0.5]
	at org.springframework.test.context.cache.DefaultCacheAwareContextLoaderDelegate.lambda$loadContext$0(DefaultCacheAwareContextLoaderDelegate.java:167) ~[spring-test-7.0.5.jar:7.0.5]
	at org.springframework.test.context.cache.DefaultContextCache.put(DefaultContextCache.java:214) ~[spring-test-7.0.5.jar:7.0.5]
	at org.springframework.test.context.cache.DefaultCacheAwareContextLoaderDelegate.loadContext(DefaultCacheAwareContextLoaderDelegate.java:160) ~[spring-test-7.0.5.jar:7.0.5]
	at org.springframework.test.context.support.DefaultTestContext.getApplicationContext(DefaultTestContext.java:128) ~[spring-test-7.0.5.jar:7.0.5]
	at org.springframework.test.context.web.ServletTestExecutionListener.setUpRequestContextIfNecessary(ServletTestExecutionListener.java:200) ~[spring-test-7.0.5.jar:7.0.5]
	at org.springframework.test.context.web.ServletTestExecutionListener.prepareTestInstance(ServletTestExecutionListener.java:139) ~[spring-test-7.0.5.jar:7.0.5]
	at org.springframework.test.context.TestContextManager.prepareTestInstance(TestContextManager.java:260) ~[spring-test-7.0.5.jar:7.0.5]
	at org.springframework.test.context.junit.jupiter.SpringExtension.postProcessTestInstance(SpringExtension.java:210) ~[spring-test-7.0.5.jar:7.0.5]
	at org.junit.jupiter.engine.descriptor.ClassBasedTestDescriptor.lambda$invokeTestInstancePostProcessors$1(ClassBasedTestDescriptor.java:423) ~[junit-jupiter-engine-6.0.3.jar:6.0.3]
	at org.junit.jupiter.engine.descriptor.ClassBasedTestDescriptor.executeAndMaskThrowable(ClassBasedTestDescriptor.java:428) ~[junit-jupiter-engine-6.0.3.jar:6.0.3]
	at org.junit.jupiter.engine.descriptor.ClassBasedTestDescriptor.lambda$invokeTestInstancePostProcessors$0(ClassBasedTestDescriptor.java:422) ~[junit-jupiter-engine-6.0.3.jar:6.0.3]
	at java.base/java.util.stream.ForEachOps$ForEachOp$OfRef.accept(ForEachOps.java:186) ~[na:na]
	at java.base/java.util.stream.ReferencePipeline$3$1.accept(ReferencePipeline.java:214) ~[na:na]
	at java.base/java.util.stream.ReferencePipeline$2$1.accept(ReferencePipeline.java:197) ~[na:na]
	at java.base/java.util.stream.ReferencePipeline$3$1.accept(ReferencePipeline.java:214) ~[na:na]
	at java.base/java.util.ArrayList$ArrayListSpliterator.forEachRemaining(ArrayList.java:1716) ~[na:na]
	at java.base/java.util.stream.AbstractPipeline.copyInto(AbstractPipeline.java:570) ~[na:na]
	at java.base/java.util.stream.AbstractPipeline.wrapAndCopyInto(AbstractPipeline.java:560) ~[na:na]
	at java.base/java.util.stream.ForEachOps$ForEachOp.evaluateSequential(ForEachOps.java:153) ~[na:na]
	at java.base/java.util.stream.ForEachOps$ForEachOp$OfRef.evaluateSequential(ForEachOps.java:176) ~[na:na]
	at java.base/java.util.stream.AbstractPipeline.evaluate(AbstractPipeline.java:265) ~[na:na]
	at java.base/java.util.stream.ReferencePipeline.forEach(ReferencePipeline.java:632) ~[na:na]
	at org.junit.jupiter.engine.descriptor.ClassBasedTestDescriptor.invokeTestInstancePostProcessors(ClassBasedTestDescriptor.java:422) ~[junit-jupiter-engine-6.0.3.jar:6.0.3]
	at org.junit.jupiter.engine.descriptor.ClassBasedTestDescriptor.lambda$instantiateAndPostProcessTestInstance$0(ClassBasedTestDescriptor.java:334) ~[junit-jupiter-engine-6.0.3.jar:6.0.3]
	at org.junit.platform.engine.support.hierarchical.ThrowableCollector.execute(ThrowableCollector.java:74) ~[junit-platform-engine-6.0.3.jar:6.0.3]
	at org.junit.jupiter.engine.descriptor.ClassBasedTestDescriptor.instantiateAndPostProcessTestInstance(ClassBasedTestDescriptor.java:333) ~[junit-jupiter-engine-6.0.3.jar:6.0.3]
	at org.junit.jupiter.engine.descriptor.ClassBasedTestDescriptor.lambda$testInstancesProvider$1(ClassBasedTestDescriptor.java:322) ~[junit-jupiter-engine-6.0.3.jar:6.0.3]
	at java.base/java.util.Optional.orElseGet(Optional.java:364) ~[na:na]
	at org.junit.jupiter.engine.descriptor.ClassBasedTestDescriptor.lambda$testInstancesProvider$0(ClassBasedTestDescriptor.java:321) ~[junit-jupiter-engine-6.0.3.jar:6.0.3]
	at org.junit.jupiter.engine.execution.TestInstancesProvider.getTestInstances(TestInstancesProvider.java:27) ~[junit-jupiter-engine-6.0.3.jar:6.0.3]
	at org.junit.jupiter.engine.descriptor.TestMethodTestDescriptor.lambda$prepare$0(TestMethodTestDescriptor.java:127) ~[junit-jupiter-engine-6.0.3.jar:6.0.3]
	at org.junit.platform.engine.support.hierarchical.ThrowableCollector.execute(ThrowableCollector.java:74) ~[junit-platform-engine-6.0.3.jar:6.0.3]
	at org.junit.jupiter.engine.descriptor.TestMethodTestDescriptor.prepare(TestMethodTestDescriptor.java:126) ~[junit-jupiter-engine-6.0.3.jar:6.0.3]
	at org.junit.jupiter.engine.descriptor.TestMethodTestDescriptor.prepare(TestMethodTestDescriptor.java:70) ~[junit-jupiter-engine-6.0.3.jar:6.0.3]
	at org.junit.platform.engine.support.hierarchical.NodeTestTask.lambda$prepare$0(NodeTestTask.java:144) ~[junit-platform-engine-6.0.3.jar:6.0.3]
	at org.junit.platform.engine.support.hierarchical.ThrowableCollector.execute(ThrowableCollector.java:74) ~[junit-platform-engine-6.0.3.jar:6.0.3]
	at org.junit.platform.engine.support.hierarchical.NodeTestTask.prepare(NodeTestTask.java:144) ~[junit-platform-engine-6.0.3.jar:6.0.3]
	at org.junit.platform.engine.support.hierarchical.NodeTestTask.execute(NodeTestTask.java:110) ~[junit-platform-engine-6.0.3.jar:6.0.3]
	at java.base/java.util.ArrayList.forEach(ArrayList.java:1604) ~[na:na]
	at org.junit.platform.engine.support.hierarchical.SameThreadHierarchicalTestExecutorService.invokeAll(SameThreadHierarchicalTestExecutorService.java:42) ~[junit-platform-engine-6.0.3.jar:6.0.3]
	at org.junit.platform.engine.support.hierarchical.NodeTestTask.lambda$executeRecursively$2(NodeTestTask.java:180) ~[junit-platform-engine-6.0.3.jar:6.0.3]
	at org.junit.platform.engine.support.hierarchical.ThrowableCollector.execute(ThrowableCollector.java:74) ~[junit-platform-engine-6.0.3.jar:6.0.3]
	at org.junit.platform.engine.support.hierarchical.NodeTestTask.lambda$executeRecursively$1(NodeTestTask.java:166) ~[junit-platform-engine-6.0.3.jar:6.0.3]
	at org.junit.platform.engine.support.hierarchical.Node.around(Node.java:138) ~[junit-platform-engine-6.0.3.jar:6.0.3]
	at org.junit.platform.engine.support.hierarchical.NodeTestTask.lambda$executeRecursively$0(NodeTestTask.java:164) ~[junit-platform-engine-6.0.3.jar:6.0.3]
	at org.junit.platform.engine.support.hierarchical.ThrowableCollector.execute(ThrowableCollector.java:74) ~[junit-platform-engine-6.0.3.jar:6.0.3]
	at org.junit.platform.engine.support.hierarchical.NodeTestTask.executeRecursively(NodeTestTask.java:163) ~[junit-platform-engine-6.0.3.jar:6.0.3]
	at org.junit.platform.engine.support.hierarchical.NodeTestTask.execute(NodeTestTask.java:116) ~[junit-platform-engine-6.0.3.jar:6.0.3]
	at java.base/java.util.ArrayList.forEach(ArrayList.java:1604) ~[na:na]
	at org.junit.platform.engine.support.hierarchical.SameThreadHierarchicalTestExecutorService.invokeAll(SameThreadHierarchicalTestExecutorService.java:42) ~[junit-platform-engine-6.0.3.jar:6.0.3]
	at org.junit.platform.engine.support.hierarchical.NodeTestTask.lambda$executeRecursively$2(NodeTestTask.java:180) ~[junit-platform-engine-6.0.3.jar:6.0.3]
	at org.junit.platform.engine.support.hierarchical.ThrowableCollector.execute(ThrowableCollector.java:74) ~[junit-platform-engine-6.0.3.jar:6.0.3]
	at org.junit.platform.engine.support.hierarchical.NodeTestTask.lambda$executeRecursively$1(NodeTestTask.java:166) ~[junit-platform-engine-6.0.3.jar:6.0.3]
	at org.junit.platform.engine.support.hierarchical.Node.around(Node.java:138) ~[junit-platform-engine-6.0.3.jar:6.0.3]
	at org.junit.platform.engine.support.hierarchical.NodeTestTask.lambda$executeRecursively$0(NodeTestTask.java:164) ~[junit-platform-engine-6.0.3.jar:6.0.3]
	at org.junit.platform.engine.support.hierarchical.ThrowableCollector.execute(ThrowableCollector.java:74) ~[junit-platform-engine-6.0.3.jar:6.0.3]
	at org.junit.platform.engine.support.hierarchical.NodeTestTask.executeRecursively(NodeTestTask.java:163) ~[junit-platform-engine-6.0.3.jar:6.0.3]
	at org.junit.platform.engine.support.hierarchical.NodeTestTask.execute(NodeTestTask.java:116) ~[junit-platform-engine-6.0.3.jar:6.0.3]
	at org.junit.platform.engine.support.hierarchical.SameThreadHierarchicalTestExecutorService.submit(SameThreadHierarchicalTestExecutorService.java:36) ~[junit-platform-engine-6.0.3.jar:6.0.3]
	at org.junit.platform.engine.support.hierarchical.HierarchicalTestExecutor.execute(HierarchicalTestExecutor.java:52) ~[junit-platform-engine-6.0.3.jar:6.0.3]
	at org.junit.platform.engine.support.hierarchical.HierarchicalTestEngine.execute(HierarchicalTestEngine.java:58) ~[junit-platform-engine-6.0.3.jar:6.0.3]
	at org.junit.platform.launcher.core.EngineExecutionOrchestrator.executeEngine(EngineExecutionOrchestrator.java:246) ~[junit-platform-launcher-6.0.3.jar:6.0.3]
	at org.junit.platform.launcher.core.EngineExecutionOrchestrator.failOrExecuteEngine(EngineExecutionOrchestrator.java:218) ~[junit-platform-launcher-6.0.3.jar:6.0.3]
	at org.junit.platform.launcher.core.EngineExecutionOrchestrator.execute(EngineExecutionOrchestrator.java:179) ~[junit-platform-launcher-6.0.3.jar:6.0.3]
	at org.junit.platform.launcher.core.EngineExecutionOrchestrator.execute(EngineExecutionOrchestrator.java:108) ~[junit-platform-launcher-6.0.3.jar:6.0.3]
	at org.junit.platform.launcher.core.EngineExecutionOrchestrator.lambda$execute$0(EngineExecutionOrchestrator.java:66) ~[junit-platform-launcher-6.0.3.jar:6.0.3]
	at org.junit.platform.launcher.core.EngineExecutionOrchestrator.withInterceptedStreams(EngineExecutionOrchestrator.java:157) ~[junit-platform-launcher-6.0.3.jar:6.0.3]
	at org.junit.platform.launcher.core.EngineExecutionOrchestrator.execute(EngineExecutionOrchestrator.java:65) ~[junit-platform-launcher-6.0.3.jar:6.0.3]
	at org.junit.platform.launcher.core.DefaultLauncher.execute(DefaultLauncher.java:125) ~[junit-platform-launcher-6.0.3.jar:6.0.3]
	at org.junit.platform.launcher.core.DefaultLauncher.execute(DefaultLauncher.java:114) ~[junit-platform-launcher-6.0.3.jar:6.0.3]
	at org.junit.platform.launcher.core.DelegatingLauncher.execute(DelegatingLauncher.java:58) ~[junit-platform-launcher-6.0.3.jar:6.0.3]
	at org.junit.platform.launcher.core.InterceptingLauncher.lambda$execute$2(InterceptingLauncher.java:57) ~[junit-platform-launcher-6.0.3.jar:6.0.3]
	at org.junit.platform.launcher.core.ClasspathAlignmentCheckingLauncherInterceptor.intercept(ClasspathAlignmentCheckingLauncherInterceptor.java:25) ~[junit-platform-launcher-6.0.3.jar:6.0.3]
	at org.junit.platform.launcher.core.InterceptingLauncher.execute(InterceptingLauncher.java:56) ~[junit-platform-launcher-6.0.3.jar:6.0.3]
	at org.junit.platform.launcher.core.DelegatingLauncher.execute(DelegatingLauncher.java:58) ~[junit-platform-launcher-6.0.3.jar:6.0.3]
	at java.base/jdk.internal.reflect.DirectMethodHandleAccessor.invoke(DirectMethodHandleAccessor.java:104) ~[na:na]
	at java.base/java.lang.reflect.Method.invoke(Method.java:565) ~[na:na]
	at org.apache.maven.surefire.api.util.ReflectionUtils.invokeMethodWithArray(ReflectionUtils.java:125) ~[surefire-api-3.5.4.jar:3.5.4]
	at org.apache.maven.surefire.junitplatform.LauncherAdapter.executeWithCancellationToken(LauncherAdapter.java:68) ~[surefire-junit-platform-3.5.4.jar:3.5.4]
	at org.apache.maven.surefire.junitplatform.LauncherAdapter.execute(LauncherAdapter.java:54) ~[surefire-junit-platform-3.5.4.jar:3.5.4]
	at org.apache.maven.surefire.junitplatform.JUnitPlatformProvider.execute(JUnitPlatformProvider.java:203) ~[surefire-junit-platform-3.5.4.jar:3.5.4]
	at org.apache.maven.surefire.junitplatform.JUnitPlatformProvider.invokeAllTests(JUnitPlatformProvider.java:168) ~[surefire-junit-platform-3.5.4.jar:3.5.4]
	at org.apache.maven.surefire.junitplatform.JUnitPlatformProvider.invoke(JUnitPlatformProvider.java:136) ~[surefire-junit-platform-3.5.4.jar:3.5.4]
	at org.apache.maven.surefire.booter.ForkedBooter.runSuitesInProcess(ForkedBooter.java:385) ~[surefire-booter-3.5.4.jar:3.5.4]
	at org.apache.maven.surefire.booter.ForkedBooter.execute(ForkedBooter.java:162) ~[surefire-booter-3.5.4.jar:3.5.4]
	at org.apache.maven.surefire.booter.ForkedBooter.run(ForkedBooter.java:507) ~[surefire-booter-3.5.4.jar:3.5.4]
	at org.apache.maven.surefire.booter.ForkedBooter.main(ForkedBooter.java:495) ~[surefire-booter-3.5.4.jar:3.5.4]
Caused by: org.h2.jdbc.JdbcSQLNonTransientException: Unknown data type: "JSONB"; SQL statement:
create table order_items (item_order integer not null, price_at_purchase float(53) not null, quantity integer not null, id bigint generated by default as identity, order_id bigint not null, product_id bigint not null, metadata jsonb default '{}'::jsonb not null, primary key (id)) [50004-240]
	at org.h2.message.DbException.getJdbcSQLException(DbException.java:566) ~[h2-2.4.240.jar:2.4.240]
	at org.h2.message.DbException.getJdbcSQLException(DbException.java:489) ~[h2-2.4.240.jar:2.4.240]
	at org.h2.message.DbException.get(DbException.java:223) ~[h2-2.4.240.jar:2.4.240]
	at org.h2.message.DbException.get(DbException.java:199) ~[h2-2.4.240.jar:2.4.240]
	at org.h2.command.Parser.readIfDataType1(Parser.java:5908) ~[h2-2.4.240.jar:2.4.240]
	at org.h2.command.Parser.readIfDataType(Parser.java:5739) ~[h2-2.4.240.jar:2.4.240]
	at org.h2.command.Parser.parseColumnWithType(Parser.java:5721) ~[h2-2.4.240.jar:2.4.240]
	at org.h2.command.Parser.parseColumnForTable(Parser.java:5600) ~[h2-2.4.240.jar:2.4.240]
	at org.h2.command.Parser.parseTableColumnDefinition(Parser.java:8983) ~[h2-2.4.240.jar:2.4.240]
	at org.h2.command.Parser.parseCreateTable(Parser.java:8926) ~[h2-2.4.240.jar:2.4.240]
	at org.h2.command.Parser.parseCreate(Parser.java:6483) ~[h2-2.4.240.jar:2.4.240]
	at org.h2.command.Parser.parsePrepared(Parser.java:648) ~[h2-2.4.240.jar:2.4.240]
	at org.h2.command.Parser.parse(Parser.java:584) ~[h2-2.4.240.jar:2.4.240]
	at org.h2.command.Parser.parse(Parser.java:559) ~[h2-2.4.240.jar:2.4.240]
	at org.h2.command.Parser.prepareCommand(Parser.java:487) ~[h2-2.4.240.jar:2.4.240]
	at org.h2.engine.SessionLocal.prepareLocal(SessionLocal.java:647) ~[h2-2.4.240.jar:2.4.240]
	at org.h2.engine.SessionLocal.prepareCommand(SessionLocal.java:563) ~[h2-2.4.240.jar:2.4.240]
	at org.h2.jdbc.JdbcConnection.prepareCommand(JdbcConnection.java:1160) ~[h2-2.4.240.jar:2.4.240]
	at org.h2.jdbc.JdbcStatement.executeInternal(JdbcStatement.java:245) ~[h2-2.4.240.jar:2.4.240]
	at org.h2.jdbc.JdbcStatement.execute(JdbcStatement.java:231) ~[h2-2.4.240.jar:2.4.240]
	at com.zaxxer.hikari.pool.ProxyStatement.execute(ProxyStatement.java:95) ~[HikariCP-7.0.2.jar:na]
	at com.zaxxer.hikari.pool.HikariProxyStatement.execute(HikariProxyStatement.java) ~[HikariCP-7.0.2.jar:na]
	at org.hibernate.tool.schema.internal.exec.GenerationTargetToDatabase.accept(GenerationTargetToDatabase.java:76) ~[hibernate-core-7.2.4.Final.jar:7.2.4.Final]
	... 131 common frames omitted

Hibernate: create table orders (total_amount float(53), delivered_at timestamp(6), id bigint generated by default as identity, ordered_at timestamp(6) not null, shipping_address_id bigint, user_id bigint not null, metadata jsonb default '{}'::jsonb not null, status enum ('CANCELLED','CONFIRMED','DELIVERED','PENDING','RETURNED','SHIPPED') not null, primary key (id))
2026-05-17T03:49:57.357+03:00  WARN 4500 --- [order-service] [           main] o.h.t.s.i.ExceptionHandlerLoggedImpl     : GenerationTarget encountered exception accepting command : Error executing DDL "create table orders (total_amount float(53), delivered_at timestamp(6), id bigint generated by default as identity, ordered_at timestamp(6) not null, shipping_address_id bigint, user_id bigint not null, metadata jsonb default '{}'::jsonb not null, status enum ('CANCELLED','CONFIRMED','DELIVERED','PENDING','RETURNED','SHIPPED') not null, primary key (id))" via JDBC [Unknown data type: "JSONB";]

org.hibernate.tool.schema.spi.CommandAcceptanceException: Error executing DDL "create table orders (total_amount float(53), delivered_at timestamp(6), id bigint generated by default as identity, ordered_at timestamp(6) not null, shipping_address_id bigint, user_id bigint not null, metadata jsonb default '{}'::jsonb not null, status enum ('CANCELLED','CONFIRMED','DELIVERED','PENDING','RETURNED','SHIPPED') not null, primary key (id))" via JDBC [Unknown data type: "JSONB";]
	at org.hibernate.tool.schema.internal.exec.GenerationTargetToDatabase.accept(GenerationTargetToDatabase.java:81) ~[hibernate-core-7.2.4.Final.jar:7.2.4.Final]
	at org.hibernate.tool.schema.internal.Helper.applySqlString(Helper.java:218) ~[hibernate-core-7.2.4.Final.jar:7.2.4.Final]
	at org.hibernate.tool.schema.internal.Helper.applySqlStrings(Helper.java:204) ~[hibernate-core-7.2.4.Final.jar:7.2.4.Final]
	at org.hibernate.tool.schema.internal.SchemaCreatorImpl.createTables(SchemaCreatorImpl.java:404) ~[hibernate-core-7.2.4.Final.jar:7.2.4.Final]
	at org.hibernate.tool.schema.internal.SchemaCreatorImpl.createSequencesTablesConstraints(SchemaCreatorImpl.java:320) ~[hibernate-core-7.2.4.Final.jar:7.2.4.Final]
	at org.hibernate.tool.schema.internal.SchemaCreatorImpl.createFromMetadata(SchemaCreatorImpl.java:215) ~[hibernate-core-7.2.4.Final.jar:7.2.4.Final]
	at org.hibernate.tool.schema.internal.SchemaCreatorImpl.performCreation(SchemaCreatorImpl.java:151) ~[hibernate-core-7.2.4.Final.jar:7.2.4.Final]
	at org.hibernate.tool.schema.internal.SchemaCreatorImpl.doCreation(SchemaCreatorImpl.java:121) ~[hibernate-core-7.2.4.Final.jar:7.2.4.Final]
	at org.hibernate.tool.schema.internal.SchemaCreatorImpl.doCreation(SchemaCreatorImpl.java:97) ~[hibernate-core-7.2.4.Final.jar:7.2.4.Final]
	at org.hibernate.tool.schema.spi.SchemaManagementToolCoordinator.performDatabaseAction(SchemaManagementToolCoordinator.java:239) ~[hibernate-core-7.2.4.Final.jar:7.2.4.Final]
	at org.hibernate.tool.schema.spi.SchemaManagementToolCoordinator.lambda$process$1(SchemaManagementToolCoordinator.java:101) ~[hibernate-core-7.2.4.Final.jar:7.2.4.Final]
	at java.base/java.util.HashMap.forEach(HashMap.java:1430) ~[na:na]
	at org.hibernate.tool.schema.spi.SchemaManagementToolCoordinator.process(SchemaManagementToolCoordinator.java:100) ~[hibernate-core-7.2.4.Final.jar:7.2.4.Final]
	at org.hibernate.boot.internal.SessionFactoryObserverForSchemaExport.sessionFactoryCreated(SessionFactoryObserverForSchemaExport.java:35) ~[hibernate-core-7.2.4.Final.jar:7.2.4.Final]
	at org.hibernate.internal.SessionFactoryObserverChain.sessionFactoryCreated(SessionFactoryObserverChain.java:33) ~[hibernate-core-7.2.4.Final.jar:7.2.4.Final]
	at org.hibernate.internal.SessionFactoryImpl.<init>(SessionFactoryImpl.java:323) ~[hibernate-core-7.2.4.Final.jar:7.2.4.Final]
	at org.hibernate.internal.SessionFactoryRegistry.instantiateSessionFactory(SessionFactoryRegistry.java:64) ~[hibernate-core-7.2.4.Final.jar:7.2.4.Final]
	at org.hibernate.boot.internal.SessionFactoryBuilderImpl.build(SessionFactoryBuilderImpl.java:437) ~[hibernate-core-7.2.4.Final.jar:7.2.4.Final]
	at org.hibernate.jpa.boot.internal.EntityManagerFactoryBuilderImpl.build(EntityManagerFactoryBuilderImpl.java:1456) ~[hibernate-core-7.2.4.Final.jar:7.2.4.Final]
	at org.springframework.orm.jpa.vendor.SpringHibernateJpaPersistenceProvider.createContainerEntityManagerFactory(SpringHibernateJpaPersistenceProvider.java:93) ~[spring-orm-7.0.5.jar:7.0.5]
	at org.springframework.orm.jpa.LocalContainerEntityManagerFactoryBean.createNativeEntityManagerFactory(LocalContainerEntityManagerFactoryBean.java:443) ~[spring-orm-7.0.5.jar:7.0.5]
	at org.springframework.orm.jpa.AbstractEntityManagerFactoryBean.buildNativeEntityManagerFactory(AbstractEntityManagerFactoryBean.java:436) ~[spring-orm-7.0.5.jar:7.0.5]
	at org.springframework.orm.jpa.AbstractEntityManagerFactoryBean.afterPropertiesSet(AbstractEntityManagerFactoryBean.java:411) ~[spring-orm-7.0.5.jar:7.0.5]
	at org.springframework.orm.jpa.LocalContainerEntityManagerFactoryBean.afterPropertiesSet(LocalContainerEntityManagerFactoryBean.java:419) ~[spring-orm-7.0.5.jar:7.0.5]
	at org.springframework.beans.factory.support.AbstractAutowireCapableBeanFactory.invokeInitMethods(AbstractAutowireCapableBeanFactory.java:1864) ~[spring-beans-7.0.5.jar:7.0.5]
	at org.springframework.beans.factory.support.AbstractAutowireCapableBeanFactory.initializeBean(AbstractAutowireCapableBeanFactory.java:1813) ~[spring-beans-7.0.5.jar:7.0.5]
	at org.springframework.beans.factory.support.AbstractAutowireCapableBeanFactory.doCreateBean(AbstractAutowireCapableBeanFactory.java:603) ~[spring-beans-7.0.5.jar:7.0.5]
	at org.springframework.beans.factory.support.AbstractAutowireCapableBeanFactory.createBean(AbstractAutowireCapableBeanFactory.java:525) ~[spring-beans-7.0.5.jar:7.0.5]
	at org.springframework.beans.factory.support.AbstractBeanFactory.lambda$doGetBean$0(AbstractBeanFactory.java:333) ~[spring-beans-7.0.5.jar:7.0.5]
	at org.springframework.beans.factory.support.DefaultSingletonBeanRegistry.getSingleton(DefaultSingletonBeanRegistry.java:371) ~[spring-beans-7.0.5.jar:7.0.5]
	at org.springframework.beans.factory.support.AbstractBeanFactory.doGetBean(AbstractBeanFactory.java:331) ~[spring-beans-7.0.5.jar:7.0.5]
	at org.springframework.beans.factory.support.AbstractBeanFactory.getBean(AbstractBeanFactory.java:201) ~[spring-beans-7.0.5.jar:7.0.5]
	at org.springframework.context.support.AbstractApplicationContext.finishBeanFactoryInitialization(AbstractApplicationContext.java:977) ~[spring-context-7.0.5.jar:7.0.5]
	at org.springframework.context.support.AbstractApplicationContext.refresh(AbstractApplicationContext.java:621) ~[spring-context-7.0.5.jar:7.0.5]
	at org.springframework.boot.SpringApplication.refresh(SpringApplication.java:756) ~[spring-boot-4.0.3.jar:4.0.3]
	at org.springframework.boot.SpringApplication.refreshContext(SpringApplication.java:445) ~[spring-boot-4.0.3.jar:4.0.3]
	at org.springframework.boot.SpringApplication.run(SpringApplication.java:321) ~[spring-boot-4.0.3.jar:4.0.3]
	at org.springframework.boot.test.context.SpringBootContextLoader.lambda$loadContext$2(SpringBootContextLoader.java:156) ~[spring-boot-test-4.0.3.jar:4.0.3]
	at org.springframework.util.function.ThrowingSupplier.get(ThrowingSupplier.java:58) ~[spring-core-7.0.5.jar:7.0.5]
	at org.springframework.util.function.ThrowingSupplier.get(ThrowingSupplier.java:46) ~[spring-core-7.0.5.jar:7.0.5]
	at org.springframework.boot.SpringApplication.withHook(SpringApplication.java:1465) ~[spring-boot-4.0.3.jar:4.0.3]
	at org.springframework.boot.test.context.SpringBootContextLoader$ContextLoaderHook.run(SpringBootContextLoader.java:605) ~[spring-boot-test-4.0.3.jar:4.0.3]
	at org.springframework.boot.test.context.SpringBootContextLoader.loadContext(SpringBootContextLoader.java:156) ~[spring-boot-test-4.0.3.jar:4.0.3]
	at org.springframework.boot.test.context.SpringBootContextLoader.loadContext(SpringBootContextLoader.java:115) ~[spring-boot-test-4.0.3.jar:4.0.3]
	at org.springframework.test.context.cache.DefaultCacheAwareContextLoaderDelegate.loadContextInternal(DefaultCacheAwareContextLoaderDelegate.java:247) ~[spring-test-7.0.5.jar:7.0.5]
	at org.springframework.test.context.cache.DefaultCacheAwareContextLoaderDelegate.lambda$loadContext$0(DefaultCacheAwareContextLoaderDelegate.java:167) ~[spring-test-7.0.5.jar:7.0.5]
	at org.springframework.test.context.cache.DefaultContextCache.put(DefaultContextCache.java:214) ~[spring-test-7.0.5.jar:7.0.5]
	at org.springframework.test.context.cache.DefaultCacheAwareContextLoaderDelegate.loadContext(DefaultCacheAwareContextLoaderDelegate.java:160) ~[spring-test-7.0.5.jar:7.0.5]
	at org.springframework.test.context.support.DefaultTestContext.getApplicationContext(DefaultTestContext.java:128) ~[spring-test-7.0.5.jar:7.0.5]
	at org.springframework.test.context.web.ServletTestExecutionListener.setUpRequestContextIfNecessary(ServletTestExecutionListener.java:200) ~[spring-test-7.0.5.jar:7.0.5]
	at org.springframework.test.context.web.ServletTestExecutionListener.prepareTestInstance(ServletTestExecutionListener.java:139) ~[spring-test-7.0.5.jar:7.0.5]
	at org.springframework.test.context.TestContextManager.prepareTestInstance(TestContextManager.java:260) ~[spring-test-7.0.5.jar:7.0.5]
	at org.springframework.test.context.junit.jupiter.SpringExtension.postProcessTestInstance(SpringExtension.java:210) ~[spring-test-7.0.5.jar:7.0.5]
	at org.junit.jupiter.engine.descriptor.ClassBasedTestDescriptor.lambda$invokeTestInstancePostProcessors$1(ClassBasedTestDescriptor.java:423) ~[junit-jupiter-engine-6.0.3.jar:6.0.3]
	at org.junit.jupiter.engine.descriptor.ClassBasedTestDescriptor.executeAndMaskThrowable(ClassBasedTestDescriptor.java:428) ~[junit-jupiter-engine-6.0.3.jar:6.0.3]
	at org.junit.jupiter.engine.descriptor.ClassBasedTestDescriptor.lambda$invokeTestInstancePostProcessors$0(ClassBasedTestDescriptor.java:422) ~[junit-jupiter-engine-6.0.3.jar:6.0.3]
	at java.base/java.util.stream.ForEachOps$ForEachOp$OfRef.accept(ForEachOps.java:186) ~[na:na]
	at java.base/java.util.stream.ReferencePipeline$3$1.accept(ReferencePipeline.java:214) ~[na:na]
	at java.base/java.util.stream.ReferencePipeline$2$1.accept(ReferencePipeline.java:197) ~[na:na]
	at java.base/java.util.stream.ReferencePipeline$3$1.accept(ReferencePipeline.java:214) ~[na:na]
	at java.base/java.util.ArrayList$ArrayListSpliterator.forEachRemaining(ArrayList.java:1716) ~[na:na]
	at java.base/java.util.stream.AbstractPipeline.copyInto(AbstractPipeline.java:570) ~[na:na]
	at java.base/java.util.stream.AbstractPipeline.wrapAndCopyInto(AbstractPipeline.java:560) ~[na:na]
	at java.base/java.util.stream.ForEachOps$ForEachOp.evaluateSequential(ForEachOps.java:153) ~[na:na]
	at java.base/java.util.stream.ForEachOps$ForEachOp$OfRef.evaluateSequential(ForEachOps.java:176) ~[na:na]
	at java.base/java.util.stream.AbstractPipeline.evaluate(AbstractPipeline.java:265) ~[na:na]
	at java.base/java.util.stream.ReferencePipeline.forEach(ReferencePipeline.java:632) ~[na:na]
	at org.junit.jupiter.engine.descriptor.ClassBasedTestDescriptor.invokeTestInstancePostProcessors(ClassBasedTestDescriptor.java:422) ~[junit-jupiter-engine-6.0.3.jar:6.0.3]
	at org.junit.jupiter.engine.descriptor.ClassBasedTestDescriptor.lambda$instantiateAndPostProcessTestInstance$0(ClassBasedTestDescriptor.java:334) ~[junit-jupiter-engine-6.0.3.jar:6.0.3]
	at org.junit.platform.engine.support.hierarchical.ThrowableCollector.execute(ThrowableCollector.java:74) ~[junit-platform-engine-6.0.3.jar:6.0.3]
	at org.junit.jupiter.engine.descriptor.ClassBasedTestDescriptor.instantiateAndPostProcessTestInstance(ClassBasedTestDescriptor.java:333) ~[junit-jupiter-engine-6.0.3.jar:6.0.3]
	at org.junit.jupiter.engine.descriptor.ClassBasedTestDescriptor.lambda$testInstancesProvider$1(ClassBasedTestDescriptor.java:322) ~[junit-jupiter-engine-6.0.3.jar:6.0.3]
	at java.base/java.util.Optional.orElseGet(Optional.java:364) ~[na:na]
	at org.junit.jupiter.engine.descriptor.ClassBasedTestDescriptor.lambda$testInstancesProvider$0(ClassBasedTestDescriptor.java:321) ~[junit-jupiter-engine-6.0.3.jar:6.0.3]
	at org.junit.jupiter.engine.execution.TestInstancesProvider.getTestInstances(TestInstancesProvider.java:27) ~[junit-jupiter-engine-6.0.3.jar:6.0.3]
	at org.junit.jupiter.engine.descriptor.TestMethodTestDescriptor.lambda$prepare$0(TestMethodTestDescriptor.java:127) ~[junit-jupiter-engine-6.0.3.jar:6.0.3]
	at org.junit.platform.engine.support.hierarchical.ThrowableCollector.execute(ThrowableCollector.java:74) ~[junit-platform-engine-6.0.3.jar:6.0.3]
	at org.junit.jupiter.engine.descriptor.TestMethodTestDescriptor.prepare(TestMethodTestDescriptor.java:126) ~[junit-jupiter-engine-6.0.3.jar:6.0.3]
	at org.junit.jupiter.engine.descriptor.TestMethodTestDescriptor.prepare(TestMethodTestDescriptor.java:70) ~[junit-jupiter-engine-6.0.3.jar:6.0.3]
	at org.junit.platform.engine.support.hierarchical.NodeTestTask.lambda$prepare$0(NodeTestTask.java:144) ~[junit-platform-engine-6.0.3.jar:6.0.3]
	at org.junit.platform.engine.support.hierarchical.ThrowableCollector.execute(ThrowableCollector.java:74) ~[junit-platform-engine-6.0.3.jar:6.0.3]
	at org.junit.platform.engine.support.hierarchical.NodeTestTask.prepare(NodeTestTask.java:144) ~[junit-platform-engine-6.0.3.jar:6.0.3]
	at org.junit.platform.engine.support.hierarchical.NodeTestTask.execute(NodeTestTask.java:110) ~[junit-platform-engine-6.0.3.jar:6.0.3]
	at java.base/java.util.ArrayList.forEach(ArrayList.java:1604) ~[na:na]
	at org.junit.platform.engine.support.hierarchical.SameThreadHierarchicalTestExecutorService.invokeAll(SameThreadHierarchicalTestExecutorService.java:42) ~[junit-platform-engine-6.0.3.jar:6.0.3]
	at org.junit.platform.engine.support.hierarchical.NodeTestTask.lambda$executeRecursively$2(NodeTestTask.java:180) ~[junit-platform-engine-6.0.3.jar:6.0.3]
	at org.junit.platform.engine.support.hierarchical.ThrowableCollector.execute(ThrowableCollector.java:74) ~[junit-platform-engine-6.0.3.jar:6.0.3]
	at org.junit.platform.engine.support.hierarchical.NodeTestTask.lambda$executeRecursively$1(NodeTestTask.java:166) ~[junit-platform-engine-6.0.3.jar:6.0.3]
	at org.junit.platform.engine.support.hierarchical.Node.around(Node.java:138) ~[junit-platform-engine-6.0.3.jar:6.0.3]
	at org.junit.platform.engine.support.hierarchical.NodeTestTask.lambda$executeRecursively$0(NodeTestTask.java:164) ~[junit-platform-engine-6.0.3.jar:6.0.3]
	at org.junit.platform.engine.support.hierarchical.ThrowableCollector.execute(ThrowableCollector.java:74) ~[junit-platform-engine-6.0.3.jar:6.0.3]
	at org.junit.platform.engine.support.hierarchical.NodeTestTask.executeRecursively(NodeTestTask.java:163) ~[junit-platform-engine-6.0.3.jar:6.0.3]
	at org.junit.platform.engine.support.hierarchical.NodeTestTask.execute(NodeTestTask.java:116) ~[junit-platform-engine-6.0.3.jar:6.0.3]
	at java.base/java.util.ArrayList.forEach(ArrayList.java:1604) ~[na:na]
	at org.junit.platform.engine.support.hierarchical.SameThreadHierarchicalTestExecutorService.invokeAll(SameThreadHierarchicalTestExecutorService.java:42) ~[junit-platform-engine-6.0.3.jar:6.0.3]
	at org.junit.platform.engine.support.hierarchical.NodeTestTask.lambda$executeRecursively$2(NodeTestTask.java:180) ~[junit-platform-engine-6.0.3.jar:6.0.3]
	at org.junit.platform.engine.support.hierarchical.ThrowableCollector.execute(ThrowableCollector.java:74) ~[junit-platform-engine-6.0.3.jar:6.0.3]
	at org.junit.platform.engine.support.hierarchical.NodeTestTask.lambda$executeRecursively$1(NodeTestTask.java:166) ~[junit-platform-engine-6.0.3.jar:6.0.3]
	at org.junit.platform.engine.support.hierarchical.Node.around(Node.java:138) ~[junit-platform-engine-6.0.3.jar:6.0.3]
	at org.junit.platform.engine.support.hierarchical.NodeTestTask.lambda$executeRecursively$0(NodeTestTask.java:164) ~[junit-platform-engine-6.0.3.jar:6.0.3]
	at org.junit.platform.engine.support.hierarchical.ThrowableCollector.execute(ThrowableCollector.java:74) ~[junit-platform-engine-6.0.3.jar:6.0.3]
	at org.junit.platform.engine.support.hierarchical.NodeTestTask.executeRecursively(NodeTestTask.java:163) ~[junit-platform-engine-6.0.3.jar:6.0.3]
	at org.junit.platform.engine.support.hierarchical.NodeTestTask.execute(NodeTestTask.java:116) ~[junit-platform-engine-6.0.3.jar:6.0.3]
	at org.junit.platform.engine.support.hierarchical.SameThreadHierarchicalTestExecutorService.submit(SameThreadHierarchicalTestExecutorService.java:36) ~[junit-platform-engine-6.0.3.jar:6.0.3]
	at org.junit.platform.engine.support.hierarchical.HierarchicalTestExecutor.execute(HierarchicalTestExecutor.java:52) ~[junit-platform-engine-6.0.3.jar:6.0.3]
	at org.junit.platform.engine.support.hierarchical.HierarchicalTestEngine.execute(HierarchicalTestEngine.java:58) ~[junit-platform-engine-6.0.3.jar:6.0.3]
	at org.junit.platform.launcher.core.EngineExecutionOrchestrator.executeEngine(EngineExecutionOrchestrator.java:246) ~[junit-platform-launcher-6.0.3.jar:6.0.3]
	at org.junit.platform.launcher.core.EngineExecutionOrchestrator.failOrExecuteEngine(EngineExecutionOrchestrator.java:218) ~[junit-platform-launcher-6.0.3.jar:6.0.3]
	at org.junit.platform.launcher.core.EngineExecutionOrchestrator.execute(EngineExecutionOrchestrator.java:179) ~[junit-platform-launcher-6.0.3.jar:6.0.3]
	at org.junit.platform.launcher.core.EngineExecutionOrchestrator.execute(EngineExecutionOrchestrator.java:108) ~[junit-platform-launcher-6.0.3.jar:6.0.3]
	at org.junit.platform.launcher.core.EngineExecutionOrchestrator.lambda$execute$0(EngineExecutionOrchestrator.java:66) ~[junit-platform-launcher-6.0.3.jar:6.0.3]
	at org.junit.platform.launcher.core.EngineExecutionOrchestrator.withInterceptedStreams(EngineExecutionOrchestrator.java:157) ~[junit-platform-launcher-6.0.3.jar:6.0.3]
	at org.junit.platform.launcher.core.EngineExecutionOrchestrator.execute(EngineExecutionOrchestrator.java:65) ~[junit-platform-launcher-6.0.3.jar:6.0.3]
	at org.junit.platform.launcher.core.DefaultLauncher.execute(DefaultLauncher.java:125) ~[junit-platform-launcher-6.0.3.jar:6.0.3]
	at org.junit.platform.launcher.core.DefaultLauncher.execute(DefaultLauncher.java:114) ~[junit-platform-launcher-6.0.3.jar:6.0.3]
	at org.junit.platform.launcher.core.DelegatingLauncher.execute(DelegatingLauncher.java:58) ~[junit-platform-launcher-6.0.3.jar:6.0.3]
	at org.junit.platform.launcher.core.InterceptingLauncher.lambda$execute$2(InterceptingLauncher.java:57) ~[junit-platform-launcher-6.0.3.jar:6.0.3]
	at org.junit.platform.launcher.core.ClasspathAlignmentCheckingLauncherInterceptor.intercept(ClasspathAlignmentCheckingLauncherInterceptor.java:25) ~[junit-platform-launcher-6.0.3.jar:6.0.3]
	at org.junit.platform.launcher.core.InterceptingLauncher.execute(InterceptingLauncher.java:56) ~[junit-platform-launcher-6.0.3.jar:6.0.3]
	at org.junit.platform.launcher.core.DelegatingLauncher.execute(DelegatingLauncher.java:58) ~[junit-platform-launcher-6.0.3.jar:6.0.3]
	at java.base/jdk.internal.reflect.DirectMethodHandleAccessor.invoke(DirectMethodHandleAccessor.java:104) ~[na:na]
	at java.base/java.lang.reflect.Method.invoke(Method.java:565) ~[na:na]
	at org.apache.maven.surefire.api.util.ReflectionUtils.invokeMethodWithArray(ReflectionUtils.java:125) ~[surefire-api-3.5.4.jar:3.5.4]
	at org.apache.maven.surefire.junitplatform.LauncherAdapter.executeWithCancellationToken(LauncherAdapter.java:68) ~[surefire-junit-platform-3.5.4.jar:3.5.4]
	at org.apache.maven.surefire.junitplatform.LauncherAdapter.execute(LauncherAdapter.java:54) ~[surefire-junit-platform-3.5.4.jar:3.5.4]
	at org.apache.maven.surefire.junitplatform.JUnitPlatformProvider.execute(JUnitPlatformProvider.java:203) ~[surefire-junit-platform-3.5.4.jar:3.5.4]
	at org.apache.maven.surefire.junitplatform.JUnitPlatformProvider.invokeAllTests(JUnitPlatformProvider.java:168) ~[surefire-junit-platform-3.5.4.jar:3.5.4]
	at org.apache.maven.surefire.junitplatform.JUnitPlatformProvider.invoke(JUnitPlatformProvider.java:136) ~[surefire-junit-platform-3.5.4.jar:3.5.4]
	at org.apache.maven.surefire.booter.ForkedBooter.runSuitesInProcess(ForkedBooter.java:385) ~[surefire-booter-3.5.4.jar:3.5.4]
	at org.apache.maven.surefire.booter.ForkedBooter.execute(ForkedBooter.java:162) ~[surefire-booter-3.5.4.jar:3.5.4]
	at org.apache.maven.surefire.booter.ForkedBooter.run(ForkedBooter.java:507) ~[surefire-booter-3.5.4.jar:3.5.4]
	at org.apache.maven.surefire.booter.ForkedBooter.main(ForkedBooter.java:495) ~[surefire-booter-3.5.4.jar:3.5.4]
Caused by: org.h2.jdbc.JdbcSQLNonTransientException: Unknown data type: "JSONB"; SQL statement:
create table orders (total_amount float(53), delivered_at timestamp(6), id bigint generated by default as identity, ordered_at timestamp(6) not null, shipping_address_id bigint, user_id bigint not null, metadata jsonb default '{}'::jsonb not null, status enum ('CANCELLED','CONFIRMED','DELIVERED','PENDING','RETURNED','SHIPPED') not null, primary key (id)) [50004-240]
	at org.h2.message.DbException.getJdbcSQLException(DbException.java:566) ~[h2-2.4.240.jar:2.4.240]
	at org.h2.message.DbException.getJdbcSQLException(DbException.java:489) ~[h2-2.4.240.jar:2.4.240]
	at org.h2.message.DbException.get(DbException.java:223) ~[h2-2.4.240.jar:2.4.240]
	at org.h2.message.DbException.get(DbException.java:199) ~[h2-2.4.240.jar:2.4.240]
	at org.h2.command.Parser.readIfDataType1(Parser.java:5908) ~[h2-2.4.240.jar:2.4.240]
	at org.h2.command.Parser.readIfDataType(Parser.java:5739) ~[h2-2.4.240.jar:2.4.240]
	at org.h2.command.Parser.parseColumnWithType(Parser.java:5721) ~[h2-2.4.240.jar:2.4.240]
	at org.h2.command.Parser.parseColumnForTable(Parser.java:5600) ~[h2-2.4.240.jar:2.4.240]
	at org.h2.command.Parser.parseTableColumnDefinition(Parser.java:8983) ~[h2-2.4.240.jar:2.4.240]
	at org.h2.command.Parser.parseCreateTable(Parser.java:8926) ~[h2-2.4.240.jar:2.4.240]
	at org.h2.command.Parser.parseCreate(Parser.java:6483) ~[h2-2.4.240.jar:2.4.240]
	at org.h2.command.Parser.parsePrepared(Parser.java:648) ~[h2-2.4.240.jar:2.4.240]
	at org.h2.command.Parser.parse(Parser.java:584) ~[h2-2.4.240.jar:2.4.240]
	at org.h2.command.Parser.parse(Parser.java:559) ~[h2-2.4.240.jar:2.4.240]
	at org.h2.command.Parser.prepareCommand(Parser.java:487) ~[h2-2.4.240.jar:2.4.240]
	at org.h2.engine.SessionLocal.prepareLocal(SessionLocal.java:647) ~[h2-2.4.240.jar:2.4.240]
	at org.h2.engine.SessionLocal.prepareCommand(SessionLocal.java:563) ~[h2-2.4.240.jar:2.4.240]
	at org.h2.jdbc.JdbcConnection.prepareCommand(JdbcConnection.java:1160) ~[h2-2.4.240.jar:2.4.240]
	at org.h2.jdbc.JdbcStatement.executeInternal(JdbcStatement.java:245) ~[h2-2.4.240.jar:2.4.240]
	at org.h2.jdbc.JdbcStatement.execute(JdbcStatement.java:231) ~[h2-2.4.240.jar:2.4.240]
	at com.zaxxer.hikari.pool.ProxyStatement.execute(ProxyStatement.java:95) ~[HikariCP-7.0.2.jar:na]
	at com.zaxxer.hikari.pool.HikariProxyStatement.execute(HikariProxyStatement.java) ~[HikariCP-7.0.2.jar:na]
	at org.hibernate.tool.schema.internal.exec.GenerationTargetToDatabase.accept(GenerationTargetToDatabase.java:76) ~[hibernate-core-7.2.4.Final.jar:7.2.4.Final]
	... 131 common frames omitted

Hibernate: alter table if exists order_items add constraint FKbioxgbv59vetrxe0ejfubep1w foreign key (order_id) references orders
2026-05-17T03:49:57.394+03:00  INFO 4500 --- [order-service] [           main] j.LocalContainerEntityManagerFactoryBean : Initialized JPA EntityManagerFactory for persistence unit 'default'
2026-05-17T03:49:58.829+03:00  INFO 4500 --- [order-service] [           main] o.s.d.j.r.query.QueryEnhancerFactories   : Hibernate is in classpath; If applicable, HQL parser will be used.
2026-05-17T03:50:00.819+03:00  INFO 4500 --- [order-service] [           main] o.neo4j.driver.internal.DriverFactory    : Driver instance 87717446 created for server uri 'bolt://neo4j:7687'
2026-05-17T03:50:01.107+03:00  WARN 4500 --- [order-service] [           main] JpaBaseConfiguration$JpaWebConfiguration : spring.jpa.open-in-view is enabled by default. Therefore, database queries may be performed during view rendering. Explicitly configure spring.jpa.open-in-view to disable this warning
2026-05-17T03:50:02.465+03:00  INFO 4500 --- [order-service] [           main] org.mongodb.driver.client                : MongoClient with metadata {"driver": {"name": "mongo-java-driver|spring-boot|sync", "version": "5.6.3"}, "os": {"type": "Windows", "name": "Windows 11", "architecture": "amd64", "version": "10.0"}, "platform": "Java/Oracle Corporation/25.0.2+10-LTS-69"} created with settings MongoClientSettings{readPreference=primary, writeConcern=WriteConcern{w=null, wTimeout=null ms, journal=null}, retryWrites=true, retryReads=true, readConcern=ReadConcern{level=null}, credential=MongoCredential{mechanism=null, userName='root', source='admin', password=<hidden>, mechanismProperties=<hidden>}, transportSettings=null, commandListeners=[io.micrometer.core.instrument.binder.mongodb.MongoMetricsCommandListener@7ab324e6], codecRegistry=ProvidersCodecRegistry{codecProviders=[ValueCodecProvider{}, BsonValueCodecProvider{}, DBRefCodecProvider{}, DBObjectCodecProvider{}, DocumentCodecProvider{}, CollectionCodecProvider{}, IterableCodecProvider{}, MapCodecProvider{}, GeoJsonCodecProvider{}, GridFSFileCodecProvider{}, Jsr310CodecProvider{}, JsonObjectCodecProvider{}, BsonCodecProvider{}, com.mongodb.client.model.mql.ExpressionCodecProvider@2032cd25, com.mongodb.Jep395RecordCodecProvider@2a45c12, com.mongodb.KotlinCodecProvider@7b1e2dad, EnumCodecProvider{}]}, loggerSettings=LoggerSettings{maxDocumentLength=1000}, clusterSettings={hosts=[mongo:27017], srvServiceName=mongodb, mode=SINGLE, requiredClusterType=UNKNOWN, requiredReplicaSetName='null', serverSelector='null', clusterListeners='[]', serverSelectionTimeout='30000 ms', localThreshold='15 ms'}, socketSettings=SocketSettings{connectTimeoutMS=10000, readTimeoutMS=0, receiveBufferSize=0, proxySettings=ProxySettings{host=null, port=null, username=null, password=null}}, heartbeatSocketSettings=SocketSettings{connectTimeoutMS=10000, readTimeoutMS=10000, receiveBufferSize=0, proxySettings=ProxySettings{host=null, port=null, username=null, password=null}}, connectionPoolSettings=ConnectionPoolSettings{maxSize=100, minSize=0, maxWaitTimeMS=120000, maxConnectionLifeTimeMS=0, maxConnectionIdleTimeMS=0, maintenanceInitialDelayMS=0, maintenanceFrequencyMS=60000, connectionPoolListeners=[io.micrometer.core.instrument.binder.mongodb.MongoMetricsConnectionPoolListener@4fe01994], maxConnecting=2}, serverSettings=ServerSettings{heartbeatFrequencyMS=10000, minHeartbeatFrequencyMS=500, serverMonitoringMode=AUTO, serverListeners='[]', serverMonitorListeners='[]'}, sslSettings=SslSettings{enabled=false, invalidHostNameAllowed=false, context=null}, applicationName='null', compressorList=[], uuidRepresentation=UNSPECIFIED, serverApi=null, autoEncryptionSettings=null, dnsClient=null, inetAddressResolver=null, contextProvider=null, timeoutMS=null}
2026-05-17T03:50:03.056+03:00  WARN 4500 --- [order-service] [           main] o.s.d.n.c.mapping.Neo4jPersistentEntity  : The entity com.team27.amazon.order.model.neo4j.BoughtTogetherRelationship is using a Long value for storing internally generated Neo4j ids. The Neo4j internal Long Ids are deprecated, please consider using an external ID generator.
2026-05-17T03:50:03.294+03:00  WARN 4500 --- [order-service] [           main] .s.a.UserDetailsServiceAutoConfiguration : 

Using generated security password: 8cdba2ea-0039-4bc1-a915-ace7ec0a6ded

This generated password is for development use only. Your security configuration must be updated before running your application in production.

2026-05-17T03:50:03.302+03:00  INFO 4500 --- [order-service] [           main] r$InitializeUserDetailsManagerConfigurer : Global AuthenticationManager configured with UserDetailsService bean with name inMemoryUserDetailsManager
2026-05-17T03:50:03.636+03:00  INFO 4500 --- [order-service] [           main] o.s.v.b.OptionalValidatorFactoryBean     : Failed to set up a Bean Validation provider: jakarta.validation.NoProviderFoundException: Unable to create a Configuration, because no Jakarta Validation provider could be found. Add a provider like Hibernate Validator (RI) to your classpath.
2026-05-17T03:50:05.137+03:00  INFO 4500 --- [order-service] [l'}-mongo:27017] org.mongodb.driver.cluster               : Exception in monitor thread while connecting to server mongo:27017

com.mongodb.MongoSocketException: No such host is known (mongo)
	at com.mongodb.internal.connection.ServerAddressHelper.getSocketAddresses(ServerAddressHelper.java:75) ~[mongodb-driver-core-5.6.3.jar:na]
	at com.mongodb.internal.connection.SocketStream.initializeSocket(SocketStream.java:100) ~[mongodb-driver-core-5.6.3.jar:na]
	at com.mongodb.internal.connection.SocketStream.open(SocketStream.java:79) ~[mongodb-driver-core-5.6.3.jar:na]
	at com.mongodb.internal.connection.InternalStreamConnection.open(InternalStreamConnection.java:233) ~[mongodb-driver-core-5.6.3.jar:na]
	at com.mongodb.internal.connection.DefaultServerMonitor$ServerMonitor.setupNewConnectionAndGetInitialDescription(DefaultServerMonitor.java:282) ~[mongodb-driver-core-5.6.3.jar:na]
	at com.mongodb.internal.connection.DefaultServerMonitor$ServerMonitor.lookupServerDescription(DefaultServerMonitor.java:253) ~[mongodb-driver-core-5.6.3.jar:na]
	at com.mongodb.internal.connection.DefaultServerMonitor$ServerMonitor.run(DefaultServerMonitor.java:203) ~[mongodb-driver-core-5.6.3.jar:na]
Caused by: java.net.UnknownHostException: No such host is known (mongo)
	at java.base/java.net.Inet6AddressImpl.lookupAllHostAddr(Native Method) ~[na:na]
	at java.base/java.net.Inet6AddressImpl.lookupAllHostAddr(Inet6AddressImpl.java:52) ~[na:na]
	at java.base/java.net.InetAddress$PlatformResolver.lookupByName(InetAddress.java:1134) ~[na:na]
	at java.base/java.net.InetAddress.getAddressesFromNameService(InetAddress.java:1712) ~[na:na]
	at java.base/java.net.InetAddress$NameServiceAddresses.get(InetAddress.java:1060) ~[na:na]
	at java.base/java.net.InetAddress.getAllByName0(InetAddress.java:1702) ~[na:na]
	at java.base/java.net.InetAddress.getAllByName(InetAddress.java:1582) ~[na:na]
	at com.mongodb.internal.connection.DefaultInetAddressResolver.lookupByName(DefaultInetAddressResolver.java:34) ~[mongodb-driver-core-5.6.3.jar:na]
	at com.mongodb.internal.connection.ServerAddressHelper.getSocketAddresses(ServerAddressHelper.java:71) ~[mongodb-driver-core-5.6.3.jar:na]
	... 6 common frames omitted

2026-05-17T03:50:06.019+03:00  INFO 4500 --- [order-service] [           main] o.s.cloud.commons.util.InetUtils         : Cannot determine local hostname
2026-05-17T03:50:06.052+03:00  INFO 4500 --- [order-service] [           main] o.s.b.a.e.web.EndpointLinksResolver      : Exposing 3 endpoints beneath base path '/actuator'
2026-05-17T03:50:06.166+03:00  INFO 4500 --- [order-service] [           main] c.t.a.o.OrderServiceApplicationTests     : Started OrderServiceApplicationTests in 17.708 seconds (process running for 24.245)
[INFO] Tests run: 1, Failures: 0, Errors: 0, Skipped: 0, Time elapsed: 18.66 s -- in com.team27.amazon.order.OrderServiceApplicationTests
[INFO] Running com.team27.amazon.order.service.OrderItemServiceCachingTest
2026-05-17T03:50:06.822+03:00  WARN 4500 --- [order-service] [           main] c.t.a.order.service.OrderItemService     : Redis get failed for key order-service::order-item::77

java.lang.RuntimeException: redis get failed
	at com.team27.amazon.order.cache.OrderRedisCacheService.get(OrderRedisCacheService.java:36) ~[classes/:na]
	at com.team27.amazon.order.service.OrderItemService.cacheGet(OrderItemService.java:154) ~[classes/:na]
	at com.team27.amazon.order.service.OrderItemService.getOrderItemById(OrderItemService.java:46) ~[classes/:na]
	at com.team27.amazon.order.service.OrderItemServiceCachingTest.getOrderItemByIdRedisFailuresStillReturnDbResult(OrderItemServiceCachingTest.java:112) ~[test-classes/:na]
	at java.base/jdk.internal.reflect.DirectMethodHandleAccessor.invoke(DirectMethodHandleAccessor.java:104) ~[na:na]
	at java.base/java.lang.reflect.Method.invoke(Method.java:565) ~[na:na]
	at org.junit.platform.commons.util.ReflectionUtils.invokeMethod(ReflectionUtils.java:701) ~[junit-platform-commons-6.0.3.jar:6.0.3]
	at org.junit.platform.commons.support.ReflectionSupport.invokeMethod(ReflectionSupport.java:502) ~[junit-platform-commons-6.0.3.jar:6.0.3]
	at org.junit.jupiter.engine.support.MethodReflectionUtils.invoke(MethodReflectionUtils.java:45) ~[junit-jupiter-engine-6.0.3.jar:6.0.3]
	at org.junit.jupiter.engine.execution.MethodInvocation.proceed(MethodInvocation.java:61) ~[junit-jupiter-engine-6.0.3.jar:6.0.3]
	at org.junit.jupiter.engine.execution.InvocationInterceptorChain$ValidatingInvocation.proceed(InvocationInterceptorChain.java:124) ~[junit-jupiter-engine-6.0.3.jar:6.0.3]
	at org.junit.jupiter.engine.extension.TimeoutExtension.intercept(TimeoutExtension.java:163) ~[junit-jupiter-engine-6.0.3.jar:6.0.3]
	at org.junit.jupiter.engine.extension.TimeoutExtension.interceptTestableMethod(TimeoutExtension.java:148) ~[junit-jupiter-engine-6.0.3.jar:6.0.3]
	at org.junit.jupiter.engine.extension.TimeoutExtension.interceptTestMethod(TimeoutExtension.java:86) ~[junit-jupiter-engine-6.0.3.jar:6.0.3]
	at org.junit.jupiter.engine.execution.InterceptingExecutableInvoker$ReflectiveInterceptorCall.lambda$ofVoidMethod$0(InterceptingExecutableInvoker.java:123) ~[junit-jupiter-engine-6.0.3.jar:6.0.3]
	at org.junit.jupiter.engine.execution.InterceptingExecutableInvoker.lambda$invoke$0(InterceptingExecutableInvoker.java:105) ~[junit-jupiter-engine-6.0.3.jar:6.0.3]
	at org.junit.jupiter.engine.execution.InvocationInterceptorChain$InterceptedInvocation.proceed(InvocationInterceptorChain.java:99) ~[junit-jupiter-engine-6.0.3.jar:6.0.3]
	at org.junit.jupiter.engine.execution.InvocationInterceptorChain.proceed(InvocationInterceptorChain.java:66) ~[junit-jupiter-engine-6.0.3.jar:6.0.3]
	at org.junit.jupiter.engine.execution.InvocationInterceptorChain.chainAndInvoke(InvocationInterceptorChain.java:47) ~[junit-jupiter-engine-6.0.3.jar:6.0.3]
	at org.junit.jupiter.engine.execution.InvocationInterceptorChain.invoke(InvocationInterceptorChain.java:39) ~[junit-jupiter-engine-6.0.3.jar:6.0.3]
	at org.junit.jupiter.engine.execution.InterceptingExecutableInvoker.invoke(InterceptingExecutableInvoker.java:104) ~[junit-jupiter-engine-6.0.3.jar:6.0.3]
	at org.junit.jupiter.engine.execution.InterceptingExecutableInvoker.invoke(InterceptingExecutableInvoker.java:98) ~[junit-jupiter-engine-6.0.3.jar:6.0.3]
	at org.junit.jupiter.engine.execution.InterceptingExecutableInvoker.invokeVoid(InterceptingExecutableInvoker.java:71) ~[junit-jupiter-engine-6.0.3.jar:6.0.3]
	at org.junit.jupiter.engine.descriptor.TestMethodTestDescriptor.lambda$invokeTestMethod$0(TestMethodTestDescriptor.java:219) ~[junit-jupiter-engine-6.0.3.jar:6.0.3]
	at org.junit.platform.engine.support.hierarchical.ThrowableCollector.execute(ThrowableCollector.java:74) ~[junit-platform-engine-6.0.3.jar:6.0.3]
	at org.junit.jupiter.engine.descriptor.TestMethodTestDescriptor.invokeTestMethod(TestMethodTestDescriptor.java:215) ~[junit-jupiter-engine-6.0.3.jar:6.0.3]
	at org.junit.jupiter.engine.descriptor.TestMethodTestDescriptor.execute(TestMethodTestDescriptor.java:157) ~[junit-jupiter-engine-6.0.3.jar:6.0.3]
	at org.junit.jupiter.engine.descriptor.TestMethodTestDescriptor.execute(TestMethodTestDescriptor.java:70) ~[junit-jupiter-engine-6.0.3.jar:6.0.3]
	at org.junit.platform.engine.support.hierarchical.NodeTestTask.lambda$executeRecursively$2(NodeTestTask.java:176) ~[junit-platform-engine-6.0.3.jar:6.0.3]
	at org.junit.platform.engine.support.hierarchical.ThrowableCollector.execute(ThrowableCollector.java:74) ~[junit-platform-engine-6.0.3.jar:6.0.3]
	at org.junit.platform.engine.support.hierarchical.NodeTestTask.lambda$executeRecursively$1(NodeTestTask.java:166) ~[junit-platform-engine-6.0.3.jar:6.0.3]
	at org.junit.platform.engine.support.hierarchical.Node.around(Node.java:138) ~[junit-platform-engine-6.0.3.jar:6.0.3]
	at org.junit.platform.engine.support.hierarchical.NodeTestTask.lambda$executeRecursively$0(NodeTestTask.java:164) ~[junit-platform-engine-6.0.3.jar:6.0.3]
	at org.junit.platform.engine.support.hierarchical.ThrowableCollector.execute(ThrowableCollector.java:74) ~[junit-platform-engine-6.0.3.jar:6.0.3]
	at org.junit.platform.engine.support.hierarchical.NodeTestTask.executeRecursively(NodeTestTask.java:163) ~[junit-platform-engine-6.0.3.jar:6.0.3]
	at org.junit.platform.engine.support.hierarchical.NodeTestTask.execute(NodeTestTask.java:116) ~[junit-platform-engine-6.0.3.jar:6.0.3]
	at java.base/java.util.ArrayList.forEach(ArrayList.java:1604) ~[na:na]
	at org.junit.platform.engine.support.hierarchical.SameThreadHierarchicalTestExecutorService.invokeAll(SameThreadHierarchicalTestExecutorService.java:42) ~[junit-platform-engine-6.0.3.jar:6.0.3]
	at org.junit.platform.engine.support.hierarchical.NodeTestTask.lambda$executeRecursively$2(NodeTestTask.java:180) ~[junit-platform-engine-6.0.3.jar:6.0.3]
	at org.junit.platform.engine.support.hierarchical.ThrowableCollector.execute(ThrowableCollector.java:74) ~[junit-platform-engine-6.0.3.jar:6.0.3]
	at org.junit.platform.engine.support.hierarchical.NodeTestTask.lambda$executeRecursively$1(NodeTestTask.java:166) ~[junit-platform-engine-6.0.3.jar:6.0.3]
	at org.junit.platform.engine.support.hierarchical.Node.around(Node.java:138) ~[junit-platform-engine-6.0.3.jar:6.0.3]
	at org.junit.platform.engine.support.hierarchical.NodeTestTask.lambda$executeRecursively$0(NodeTestTask.java:164) ~[junit-platform-engine-6.0.3.jar:6.0.3]
	at org.junit.platform.engine.support.hierarchical.ThrowableCollector.execute(ThrowableCollector.java:74) ~[junit-platform-engine-6.0.3.jar:6.0.3]
	at org.junit.platform.engine.support.hierarchical.NodeTestTask.executeRecursively(NodeTestTask.java:163) ~[junit-platform-engine-6.0.3.jar:6.0.3]
	at org.junit.platform.engine.support.hierarchical.NodeTestTask.execute(NodeTestTask.java:116) ~[junit-platform-engine-6.0.3.jar:6.0.3]
	at java.base/java.util.ArrayList.forEach(ArrayList.java:1604) ~[na:na]
	at org.junit.platform.engine.support.hierarchical.SameThreadHierarchicalTestExecutorService.invokeAll(SameThreadHierarchicalTestExecutorService.java:42) ~[junit-platform-engine-6.0.3.jar:6.0.3]
	at org.junit.platform.engine.support.hierarchical.NodeTestTask.lambda$executeRecursively$2(NodeTestTask.java:180) ~[junit-platform-engine-6.0.3.jar:6.0.3]
	at org.junit.platform.engine.support.hierarchical.ThrowableCollector.execute(ThrowableCollector.java:74) ~[junit-platform-engine-6.0.3.jar:6.0.3]
	at org.junit.platform.engine.support.hierarchical.NodeTestTask.lambda$executeRecursively$1(NodeTestTask.java:166) ~[junit-platform-engine-6.0.3.jar:6.0.3]
	at org.junit.platform.engine.support.hierarchical.Node.around(Node.java:138) ~[junit-platform-engine-6.0.3.jar:6.0.3]
	at org.junit.platform.engine.support.hierarchical.NodeTestTask.lambda$executeRecursively$0(NodeTestTask.java:164) ~[junit-platform-engine-6.0.3.jar:6.0.3]
	at org.junit.platform.engine.support.hierarchical.ThrowableCollector.execute(ThrowableCollector.java:74) ~[junit-platform-engine-6.0.3.jar:6.0.3]
	at org.junit.platform.engine.support.hierarchical.NodeTestTask.executeRecursively(NodeTestTask.java:163) ~[junit-platform-engine-6.0.3.jar:6.0.3]
	at org.junit.platform.engine.support.hierarchical.NodeTestTask.execute(NodeTestTask.java:116) ~[junit-platform-engine-6.0.3.jar:6.0.3]
	at org.junit.platform.engine.support.hierarchical.SameThreadHierarchicalTestExecutorService.submit(SameThreadHierarchicalTestExecutorService.java:36) ~[junit-platform-engine-6.0.3.jar:6.0.3]
	at org.junit.platform.engine.support.hierarchical.HierarchicalTestExecutor.execute(HierarchicalTestExecutor.java:52) ~[junit-platform-engine-6.0.3.jar:6.0.3]
	at org.junit.platform.engine.support.hierarchical.HierarchicalTestEngine.execute(HierarchicalTestEngine.java:58) ~[junit-platform-engine-6.0.3.jar:6.0.3]
	at org.junit.platform.launcher.core.EngineExecutionOrchestrator.executeEngine(EngineExecutionOrchestrator.java:246) ~[junit-platform-launcher-6.0.3.jar:6.0.3]
	at org.junit.platform.launcher.core.EngineExecutionOrchestrator.failOrExecuteEngine(EngineExecutionOrchestrator.java:218) ~[junit-platform-launcher-6.0.3.jar:6.0.3]
	at org.junit.platform.launcher.core.EngineExecutionOrchestrator.execute(EngineExecutionOrchestrator.java:179) ~[junit-platform-launcher-6.0.3.jar:6.0.3]
	at org.junit.platform.launcher.core.EngineExecutionOrchestrator.execute(EngineExecutionOrchestrator.java:108) ~[junit-platform-launcher-6.0.3.jar:6.0.3]
	at org.junit.platform.launcher.core.EngineExecutionOrchestrator.lambda$execute$0(EngineExecutionOrchestrator.java:66) ~[junit-platform-launcher-6.0.3.jar:6.0.3]
	at org.junit.platform.launcher.core.EngineExecutionOrchestrator.withInterceptedStreams(EngineExecutionOrchestrator.java:157) ~[junit-platform-launcher-6.0.3.jar:6.0.3]
	at org.junit.platform.launcher.core.EngineExecutionOrchestrator.execute(EngineExecutionOrchestrator.java:65) ~[junit-platform-launcher-6.0.3.jar:6.0.3]
	at org.junit.platform.launcher.core.DefaultLauncher.execute(DefaultLauncher.java:125) ~[junit-platform-launcher-6.0.3.jar:6.0.3]
	at org.junit.platform.launcher.core.DefaultLauncher.execute(DefaultLauncher.java:114) ~[junit-platform-launcher-6.0.3.jar:6.0.3]
	at org.junit.platform.launcher.core.DelegatingLauncher.execute(DelegatingLauncher.java:58) ~[junit-platform-launcher-6.0.3.jar:6.0.3]
	at org.junit.platform.launcher.core.InterceptingLauncher.lambda$execute$2(InterceptingLauncher.java:57) ~[junit-platform-launcher-6.0.3.jar:6.0.3]
	at org.junit.platform.launcher.core.ClasspathAlignmentCheckingLauncherInterceptor.intercept(ClasspathAlignmentCheckingLauncherInterceptor.java:25) ~[junit-platform-launcher-6.0.3.jar:6.0.3]
	at org.junit.platform.launcher.core.InterceptingLauncher.execute(InterceptingLauncher.java:56) ~[junit-platform-launcher-6.0.3.jar:6.0.3]
	at org.junit.platform.launcher.core.DelegatingLauncher.execute(DelegatingLauncher.java:58) ~[junit-platform-launcher-6.0.3.jar:6.0.3]
	at java.base/jdk.internal.reflect.DirectMethodHandleAccessor.invoke(DirectMethodHandleAccessor.java:104) ~[na:na]
	at java.base/java.lang.reflect.Method.invoke(Method.java:565) ~[na:na]
	at org.apache.maven.surefire.api.util.ReflectionUtils.invokeMethodWithArray(ReflectionUtils.java:125) ~[surefire-api-3.5.4.jar:3.5.4]
	at org.apache.maven.surefire.junitplatform.LauncherAdapter.executeWithCancellationToken(LauncherAdapter.java:68) ~[surefire-junit-platform-3.5.4.jar:3.5.4]
	at org.apache.maven.surefire.junitplatform.LauncherAdapter.execute(LauncherAdapter.java:54) ~[surefire-junit-platform-3.5.4.jar:3.5.4]
	at org.apache.maven.surefire.junitplatform.JUnitPlatformProvider.execute(JUnitPlatformProvider.java:203) ~[surefire-junit-platform-3.5.4.jar:3.5.4]
	at org.apache.maven.surefire.junitplatform.JUnitPlatformProvider.invokeAllTests(JUnitPlatformProvider.java:168) ~[surefire-junit-platform-3.5.4.jar:3.5.4]
	at org.apache.maven.surefire.junitplatform.JUnitPlatformProvider.invoke(JUnitPlatformProvider.java:136) ~[surefire-junit-platform-3.5.4.jar:3.5.4]
	at org.apache.maven.surefire.booter.ForkedBooter.runSuitesInProcess(ForkedBooter.java:385) ~[surefire-booter-3.5.4.jar:3.5.4]
	at org.apache.maven.surefire.booter.ForkedBooter.execute(ForkedBooter.java:162) ~[surefire-booter-3.5.4.jar:3.5.4]
	at org.apache.maven.surefire.booter.ForkedBooter.run(ForkedBooter.java:507) ~[surefire-booter-3.5.4.jar:3.5.4]
	at org.apache.maven.surefire.booter.ForkedBooter.main(ForkedBooter.java:495) ~[surefire-booter-3.5.4.jar:3.5.4]

2026-05-17T03:50:06.836+03:00  WARN 4500 --- [order-service] [           main] c.t.a.order.service.OrderItemService     : Redis set failed for key order-service::order-item::78

java.lang.RuntimeException: redis set failed
	at com.team27.amazon.order.cache.OrderRedisCacheService.set(OrderRedisCacheService.java:68) ~[classes/:na]
	at com.team27.amazon.order.service.OrderItemService.cacheSet(OrderItemService.java:166) ~[classes/:na]
	at com.team27.amazon.order.service.OrderItemService.lambda$getOrderItemById$0(OrderItemService.java:52) ~[classes/:na]
	at java.base/java.util.Optional.ifPresent(Optional.java:178) ~[na:na]
	at com.team27.amazon.order.service.OrderItemService.getOrderItemById(OrderItemService.java:52) ~[classes/:na]
	at com.team27.amazon.order.service.OrderItemServiceCachingTest.getOrderItemByIdRedisFailuresStillReturnDbResult(OrderItemServiceCachingTest.java:145) ~[test-classes/:na]
	at java.base/jdk.internal.reflect.DirectMethodHandleAccessor.invoke(DirectMethodHandleAccessor.java:104) ~[na:na]
	at java.base/java.lang.reflect.Method.invoke(Method.java:565) ~[na:na]
	at org.junit.platform.commons.util.ReflectionUtils.invokeMethod(ReflectionUtils.java:701) ~[junit-platform-commons-6.0.3.jar:6.0.3]
	at org.junit.platform.commons.support.ReflectionSupport.invokeMethod(ReflectionSupport.java:502) ~[junit-platform-commons-6.0.3.jar:6.0.3]
	at org.junit.jupiter.engine.support.MethodReflectionUtils.invoke(MethodReflectionUtils.java:45) ~[junit-jupiter-engine-6.0.3.jar:6.0.3]
	at org.junit.jupiter.engine.execution.MethodInvocation.proceed(MethodInvocation.java:61) ~[junit-jupiter-engine-6.0.3.jar:6.0.3]
	at org.junit.jupiter.engine.execution.InvocationInterceptorChain$ValidatingInvocation.proceed(InvocationInterceptorChain.java:124) ~[junit-jupiter-engine-6.0.3.jar:6.0.3]
	at org.junit.jupiter.engine.extension.TimeoutExtension.intercept(TimeoutExtension.java:163) ~[junit-jupiter-engine-6.0.3.jar:6.0.3]
	at org.junit.jupiter.engine.extension.TimeoutExtension.interceptTestableMethod(TimeoutExtension.java:148) ~[junit-jupiter-engine-6.0.3.jar:6.0.3]
	at org.junit.jupiter.engine.extension.TimeoutExtension.interceptTestMethod(TimeoutExtension.java:86) ~[junit-jupiter-engine-6.0.3.jar:6.0.3]
	at org.junit.jupiter.engine.execution.InterceptingExecutableInvoker$ReflectiveInterceptorCall.lambda$ofVoidMethod$0(InterceptingExecutableInvoker.java:123) ~[junit-jupiter-engine-6.0.3.jar:6.0.3]
	at org.junit.jupiter.engine.execution.InterceptingExecutableInvoker.lambda$invoke$0(InterceptingExecutableInvoker.java:105) ~[junit-jupiter-engine-6.0.3.jar:6.0.3]
	at org.junit.jupiter.engine.execution.InvocationInterceptorChain$InterceptedInvocation.proceed(InvocationInterceptorChain.java:99) ~[junit-jupiter-engine-6.0.3.jar:6.0.3]
	at org.junit.jupiter.engine.execution.InvocationInterceptorChain.proceed(InvocationInterceptorChain.java:66) ~[junit-jupiter-engine-6.0.3.jar:6.0.3]
	at org.junit.jupiter.engine.execution.InvocationInterceptorChain.chainAndInvoke(InvocationInterceptorChain.java:47) ~[junit-jupiter-engine-6.0.3.jar:6.0.3]
	at org.junit.jupiter.engine.execution.InvocationInterceptorChain.invoke(InvocationInterceptorChain.java:39) ~[junit-jupiter-engine-6.0.3.jar:6.0.3]
	at org.junit.jupiter.engine.execution.InterceptingExecutableInvoker.invoke(InterceptingExecutableInvoker.java:104) ~[junit-jupiter-engine-6.0.3.jar:6.0.3]
	at org.junit.jupiter.engine.execution.InterceptingExecutableInvoker.invoke(InterceptingExecutableInvoker.java:98) ~[junit-jupiter-engine-6.0.3.jar:6.0.3]
	at org.junit.jupiter.engine.execution.InterceptingExecutableInvoker.invokeVoid(InterceptingExecutableInvoker.java:71) ~[junit-jupiter-engine-6.0.3.jar:6.0.3]
	at org.junit.jupiter.engine.descriptor.TestMethodTestDescriptor.lambda$invokeTestMethod$0(TestMethodTestDescriptor.java:219) ~[junit-jupiter-engine-6.0.3.jar:6.0.3]
	at org.junit.platform.engine.support.hierarchical.ThrowableCollector.execute(ThrowableCollector.java:74) ~[junit-platform-engine-6.0.3.jar:6.0.3]
	at org.junit.jupiter.engine.descriptor.TestMethodTestDescriptor.invokeTestMethod(TestMethodTestDescriptor.java:215) ~[junit-jupiter-engine-6.0.3.jar:6.0.3]
	at org.junit.jupiter.engine.descriptor.TestMethodTestDescriptor.execute(TestMethodTestDescriptor.java:157) ~[junit-jupiter-engine-6.0.3.jar:6.0.3]
	at org.junit.jupiter.engine.descriptor.TestMethodTestDescriptor.execute(TestMethodTestDescriptor.java:70) ~[junit-jupiter-engine-6.0.3.jar:6.0.3]
	at org.junit.platform.engine.support.hierarchical.NodeTestTask.lambda$executeRecursively$2(NodeTestTask.java:176) ~[junit-platform-engine-6.0.3.jar:6.0.3]
	at org.junit.platform.engine.support.hierarchical.ThrowableCollector.execute(ThrowableCollector.java:74) ~[junit-platform-engine-6.0.3.jar:6.0.3]
	at org.junit.platform.engine.support.hierarchical.NodeTestTask.lambda$executeRecursively$1(NodeTestTask.java:166) ~[junit-platform-engine-6.0.3.jar:6.0.3]
	at org.junit.platform.engine.support.hierarchical.Node.around(Node.java:138) ~[junit-platform-engine-6.0.3.jar:6.0.3]
	at org.junit.platform.engine.support.hierarchical.NodeTestTask.lambda$executeRecursively$0(NodeTestTask.java:164) ~[junit-platform-engine-6.0.3.jar:6.0.3]
	at org.junit.platform.engine.support.hierarchical.ThrowableCollector.execute(ThrowableCollector.java:74) ~[junit-platform-engine-6.0.3.jar:6.0.3]
	at org.junit.platform.engine.support.hierarchical.NodeTestTask.executeRecursively(NodeTestTask.java:163) ~[junit-platform-engine-6.0.3.jar:6.0.3]
	at org.junit.platform.engine.support.hierarchical.NodeTestTask.execute(NodeTestTask.java:116) ~[junit-platform-engine-6.0.3.jar:6.0.3]
	at java.base/java.util.ArrayList.forEach(ArrayList.java:1604) ~[na:na]
	at org.junit.platform.engine.support.hierarchical.SameThreadHierarchicalTestExecutorService.invokeAll(SameThreadHierarchicalTestExecutorService.java:42) ~[junit-platform-engine-6.0.3.jar:6.0.3]
	at org.junit.platform.engine.support.hierarchical.NodeTestTask.lambda$executeRecursively$2(NodeTestTask.java:180) ~[junit-platform-engine-6.0.3.jar:6.0.3]
	at org.junit.platform.engine.support.hierarchical.ThrowableCollector.execute(ThrowableCollector.java:74) ~[junit-platform-engine-6.0.3.jar:6.0.3]
	at org.junit.platform.engine.support.hierarchical.NodeTestTask.lambda$executeRecursively$1(NodeTestTask.java:166) ~[junit-platform-engine-6.0.3.jar:6.0.3]
	at org.junit.platform.engine.support.hierarchical.Node.around(Node.java:138) ~[junit-platform-engine-6.0.3.jar:6.0.3]
	at org.junit.platform.engine.support.hierarchical.NodeTestTask.lambda$executeRecursively$0(NodeTestTask.java:164) ~[junit-platform-engine-6.0.3.jar:6.0.3]
	at org.junit.platform.engine.support.hierarchical.ThrowableCollector.execute(ThrowableCollector.java:74) ~[junit-platform-engine-6.0.3.jar:6.0.3]
	at org.junit.platform.engine.support.hierarchical.NodeTestTask.executeRecursively(NodeTestTask.java:163) ~[junit-platform-engine-6.0.3.jar:6.0.3]
	at org.junit.platform.engine.support.hierarchical.NodeTestTask.execute(NodeTestTask.java:116) ~[junit-platform-engine-6.0.3.jar:6.0.3]
	at java.base/java.util.ArrayList.forEach(ArrayList.java:1604) ~[na:na]
	at org.junit.platform.engine.support.hierarchical.SameThreadHierarchicalTestExecutorService.invokeAll(SameThreadHierarchicalTestExecutorService.java:42) ~[junit-platform-engine-6.0.3.jar:6.0.3]
	at org.junit.platform.engine.support.hierarchical.NodeTestTask.lambda$executeRecursively$2(NodeTestTask.java:180) ~[junit-platform-engine-6.0.3.jar:6.0.3]
	at org.junit.platform.engine.support.hierarchical.ThrowableCollector.execute(ThrowableCollector.java:74) ~[junit-platform-engine-6.0.3.jar:6.0.3]
	at org.junit.platform.engine.support.hierarchical.NodeTestTask.lambda$executeRecursively$1(NodeTestTask.java:166) ~[junit-platform-engine-6.0.3.jar:6.0.3]
	at org.junit.platform.engine.support.hierarchical.Node.around(Node.java:138) ~[junit-platform-engine-6.0.3.jar:6.0.3]
	at org.junit.platform.engine.support.hierarchical.NodeTestTask.lambda$executeRecursively$0(NodeTestTask.java:164) ~[junit-platform-engine-6.0.3.jar:6.0.3]
	at org.junit.platform.engine.support.hierarchical.ThrowableCollector.execute(ThrowableCollector.java:74) ~[junit-platform-engine-6.0.3.jar:6.0.3]
	at org.junit.platform.engine.support.hierarchical.NodeTestTask.executeRecursively(NodeTestTask.java:163) ~[junit-platform-engine-6.0.3.jar:6.0.3]
	at org.junit.platform.engine.support.hierarchical.NodeTestTask.execute(NodeTestTask.java:116) ~[junit-platform-engine-6.0.3.jar:6.0.3]
	at org.junit.platform.engine.support.hierarchical.SameThreadHierarchicalTestExecutorService.submit(SameThreadHierarchicalTestExecutorService.java:36) ~[junit-platform-engine-6.0.3.jar:6.0.3]
	at org.junit.platform.engine.support.hierarchical.HierarchicalTestExecutor.execute(HierarchicalTestExecutor.java:52) ~[junit-platform-engine-6.0.3.jar:6.0.3]
	at org.junit.platform.engine.support.hierarchical.HierarchicalTestEngine.execute(HierarchicalTestEngine.java:58) ~[junit-platform-engine-6.0.3.jar:6.0.3]
	at org.junit.platform.launcher.core.EngineExecutionOrchestrator.executeEngine(EngineExecutionOrchestrator.java:246) ~[junit-platform-launcher-6.0.3.jar:6.0.3]
	at org.junit.platform.launcher.core.EngineExecutionOrchestrator.failOrExecuteEngine(EngineExecutionOrchestrator.java:218) ~[junit-platform-launcher-6.0.3.jar:6.0.3]
	at org.junit.platform.launcher.core.EngineExecutionOrchestrator.execute(EngineExecutionOrchestrator.java:179) ~[junit-platform-launcher-6.0.3.jar:6.0.3]
	at org.junit.platform.launcher.core.EngineExecutionOrchestrator.execute(EngineExecutionOrchestrator.java:108) ~[junit-platform-launcher-6.0.3.jar:6.0.3]
	at org.junit.platform.launcher.core.EngineExecutionOrchestrator.lambda$execute$0(EngineExecutionOrchestrator.java:66) ~[junit-platform-launcher-6.0.3.jar:6.0.3]
	at org.junit.platform.launcher.core.EngineExecutionOrchestrator.withInterceptedStreams(EngineExecutionOrchestrator.java:157) ~[junit-platform-launcher-6.0.3.jar:6.0.3]
	at org.junit.platform.launcher.core.EngineExecutionOrchestrator.execute(EngineExecutionOrchestrator.java:65) ~[junit-platform-launcher-6.0.3.jar:6.0.3]
	at org.junit.platform.launcher.core.DefaultLauncher.execute(DefaultLauncher.java:125) ~[junit-platform-launcher-6.0.3.jar:6.0.3]
	at org.junit.platform.launcher.core.DefaultLauncher.execute(DefaultLauncher.java:114) ~[junit-platform-launcher-6.0.3.jar:6.0.3]
	at org.junit.platform.launcher.core.DelegatingLauncher.execute(DelegatingLauncher.java:58) ~[junit-platform-launcher-6.0.3.jar:6.0.3]
	at org.junit.platform.launcher.core.InterceptingLauncher.lambda$execute$2(InterceptingLauncher.java:57) ~[junit-platform-launcher-6.0.3.jar:6.0.3]
	at org.junit.platform.launcher.core.ClasspathAlignmentCheckingLauncherInterceptor.intercept(ClasspathAlignmentCheckingLauncherInterceptor.java:25) ~[junit-platform-launcher-6.0.3.jar:6.0.3]
	at org.junit.platform.launcher.core.InterceptingLauncher.execute(InterceptingLauncher.java:56) ~[junit-platform-launcher-6.0.3.jar:6.0.3]
	at org.junit.platform.launcher.core.DelegatingLauncher.execute(DelegatingLauncher.java:58) ~[junit-platform-launcher-6.0.3.jar:6.0.3]
	at java.base/jdk.internal.reflect.DirectMethodHandleAccessor.invoke(DirectMethodHandleAccessor.java:104) ~[na:na]
	at java.base/java.lang.reflect.Method.invoke(Method.java:565) ~[na:na]
	at org.apache.maven.surefire.api.util.ReflectionUtils.invokeMethodWithArray(ReflectionUtils.java:125) ~[surefire-api-3.5.4.jar:3.5.4]
	at org.apache.maven.surefire.junitplatform.LauncherAdapter.executeWithCancellationToken(LauncherAdapter.java:68) ~[surefire-junit-platform-3.5.4.jar:3.5.4]
	at org.apache.maven.surefire.junitplatform.LauncherAdapter.execute(LauncherAdapter.java:54) ~[surefire-junit-platform-3.5.4.jar:3.5.4]
	at org.apache.maven.surefire.junitplatform.JUnitPlatformProvider.execute(JUnitPlatformProvider.java:203) ~[surefire-junit-platform-3.5.4.jar:3.5.4]
	at org.apache.maven.surefire.junitplatform.JUnitPlatformProvider.invokeAllTests(JUnitPlatformProvider.java:168) ~[surefire-junit-platform-3.5.4.jar:3.5.4]
	at org.apache.maven.surefire.junitplatform.JUnitPlatformProvider.invoke(JUnitPlatformProvider.java:136) ~[surefire-junit-platform-3.5.4.jar:3.5.4]
	at org.apache.maven.surefire.booter.ForkedBooter.runSuitesInProcess(ForkedBooter.java:385) ~[surefire-booter-3.5.4.jar:3.5.4]
	at org.apache.maven.surefire.booter.ForkedBooter.execute(ForkedBooter.java:162) ~[surefire-booter-3.5.4.jar:3.5.4]
	at org.apache.maven.surefire.booter.ForkedBooter.run(ForkedBooter.java:507) ~[surefire-booter-3.5.4.jar:3.5.4]
	at org.apache.maven.surefire.booter.ForkedBooter.main(ForkedBooter.java:495) ~[surefire-booter-3.5.4.jar:3.5.4]

[INFO] Tests run: 5, Failures: 0, Errors: 0, Skipped: 0, Time elapsed: 0.417 s -- in com.team27.amazon.order.service.OrderItemServiceCachingTest
[INFO] Running com.team27.amazon.order.service.OrderServiceCachingTest
[ERROR] Tests run: 16, Failures: 0, Errors: 16, Skipped: 0, Time elapsed: 0.818 s <<< FAILURE! -- in com.team27.amazon.order.service.OrderServiceCachingTest
[ERROR] com.team27.amazon.order.service.OrderServiceCachingTest.s3f3EstimateCacheHitSkipsComputationReads -- Time elapsed: 0.731 s <<< ERROR!
java.lang.NullPointerException: Cannot invoke "com.team27.amazon.order.cache.OrderRedisCacheService.featureKey(String, Object)" because "this.orderRedisCacheService" is null
	at com.team27.amazon.order.service.OrderServiceCachingTest.s3f3EstimateCacheHitSkipsComputationReads(OrderServiceCachingTest.java:155)

[ERROR] com.team27.amazon.order.service.OrderServiceCachingTest.deliverOrderInvalidatesRequiredCaches -- Time elapsed: 0.010 s <<< ERROR!
org.mockito.exceptions.misusing.InvalidUseOfMatchersException: 

Misplaced or misused argument matcher detected here:

-> at com.team27.amazon.order.service.OrderServiceCachingTest.s3f3EstimateCacheHitSkipsComputationReads(OrderServiceCachingTest.java:155)
-> at com.team27.amazon.order.service.OrderServiceCachingTest.s3f3EstimateCacheHitSkipsComputationReads(OrderServiceCachingTest.java:155)

You cannot use argument matchers outside of verification or stubbing.
Examples of correct usage of argument matchers:
    when(mock.get(anyInt())).thenReturn(null);
    doThrow(new RuntimeException()).when(mock).someVoidMethod(any());
    verify(mock).someMethod(contains("foo"))

This message may appear after an NullPointerException if the last matcher is returning an object 
like any() but the stubbed method signature expect a primitive argument, in this case,
use primitive alternatives.
    when(mock.get(any())); // bad use, will raise NPE
    when(mock.get(anyInt())); // correct usage use

Also, this error might show up because you use argument matchers with methods that cannot be mocked.
Following methods *cannot* be stubbed/verified: final/private/equals()/hashCode().
Mocking methods declared on non-public parent classes is not supported.

	at org.mockito.junit.jupiter.MockitoExtension.beforeEach(MockitoExtension.java:160)
	at java.base/java.util.ArrayList.forEach(ArrayList.java:1604)
	at java.base/java.util.ArrayList.forEach(ArrayList.java:1604)

[ERROR] com.team27.amazon.order.service.OrderServiceCachingTest.orderGetByIdCacheMissStoresSnapshotWithEntityKeyAndFifteenMinutes -- Time elapsed: 0.004 s <<< ERROR!
java.lang.NullPointerException: Cannot invoke "com.team27.amazon.order.cache.OrderRedisCacheService.orderKey(java.lang.Long)" because "this.orderRedisCacheService" is null
	at com.team27.amazon.order.service.OrderServiceCachingTest.orderGetByIdCacheMissStoresSnapshotWithEntityKeyAndFifteenMinutes(OrderServiceCachingTest.java:221)

[ERROR] com.team27.amazon.order.service.OrderServiceCachingTest.s3f1SearchOrdersCacheHitSkipsRepository -- Time elapsed: 0.009 s <<< ERROR!
java.lang.NullPointerException: Cannot invoke "com.team27.amazon.order.cache.OrderRedisCacheService.orderedParams(Object[])" because "this.orderRedisCacheService" is null
	at com.team27.amazon.order.service.OrderServiceCachingTest.s3f1SearchOrdersCacheHitSkipsRepository(OrderServiceCachingTest.java:118)

[ERROR] com.team27.amazon.order.service.OrderServiceCachingTest.s3f3EstimateCacheMissCachesForFiveMinutes -- Time elapsed: 0 s <<< ERROR!
org.mockito.exceptions.misusing.InvalidUseOfMatchersException: 

Misplaced or misused argument matcher detected here:

-> at com.team27.amazon.order.service.OrderServiceCachingTest.s3f1SearchOrdersCacheHitSkipsRepository(OrderServiceCachingTest.java:118)
-> at com.team27.amazon.order.service.OrderServiceCachingTest.s3f1SearchOrdersCacheHitSkipsRepository(OrderServiceCachingTest.java:118)
-> at com.team27.amazon.order.service.OrderServiceCachingTest.s3f1SearchOrdersCacheHitSkipsRepository(OrderServiceCachingTest.java:118)
-> at com.team27.amazon.order.service.OrderServiceCachingTest.s3f1SearchOrdersCacheHitSkipsRepository(OrderServiceCachingTest.java:118)
-> at com.team27.amazon.order.service.OrderServiceCachingTest.s3f1SearchOrdersCacheHitSkipsRepository(OrderServiceCachingTest.java:118)
-> at com.team27.amazon.order.service.OrderServiceCachingTest.s3f1SearchOrdersCacheHitSkipsRepository(OrderServiceCachingTest.java:118)

You cannot use argument matchers outside of verification or stubbing.
Examples of correct usage of argument matchers:
    when(mock.get(anyInt())).thenReturn(null);
    doThrow(new RuntimeException()).when(mock).someVoidMethod(any());
    verify(mock).someMethod(contains("foo"))

This message may appear after an NullPointerException if the last matcher is returning an object 
like any() but the stubbed method signature expect a primitive argument, in this case,
use primitive alternatives.
    when(mock.get(any())); // bad use, will raise NPE
    when(mock.get(anyInt())); // correct usage use

Also, this error might show up because you use argument matchers with methods that cannot be mocked.
Following methods *cannot* be stubbed/verified: final/private/equals()/hashCode().
Mocking methods declared on non-public parent classes is not supported.

	at org.mockito.junit.jupiter.MockitoExtension.beforeEach(MockitoExtension.java:160)
	at java.base/java.util.ArrayList.forEach(ArrayList.java:1604)
	at java.base/java.util.ArrayList.forEach(ArrayList.java:1604)

[ERROR] com.team27.amazon.order.service.OrderServiceCachingTest.addItemsInvalidatesOrderAndItemRelatedCaches -- Time elapsed: 0.008 s <<< ERROR!
java.lang.NullPointerException: Cannot invoke "com.team27.amazon.order.cache.OrderRedisCacheService.orderKey(java.lang.Long)" because "this.orderRedisCacheService" is null
	at com.team27.amazon.order.service.OrderServiceCachingTest.addItemsInvalidatesOrderAndItemRelatedCaches(OrderServiceCachingTest.java:428)

[ERROR] com.team27.amazon.order.service.OrderServiceCachingTest.redisGetFailureDoesNotBreakS3f1ReadPath -- Time elapsed: 0.010 s <<< ERROR!
java.lang.NullPointerException: Cannot invoke "com.team27.amazon.order.cache.OrderRedisCacheService.orderedParams(Object[])" because "this.orderRedisCacheService" is null
	at com.team27.amazon.order.service.OrderServiceCachingTest.redisGetFailureDoesNotBreakS3f1ReadPath(OrderServiceCachingTest.java:361)

[ERROR] com.team27.amazon.order.service.OrderServiceCachingTest.orderGetByIdRedisFailuresStillReturnDbResultAndLogWarnings -- Time elapsed: 0 s <<< ERROR!
org.mockito.exceptions.misusing.InvalidUseOfMatchersException: 

Misplaced or misused argument matcher detected here:

-> at com.team27.amazon.order.service.OrderServiceCachingTest.redisGetFailureDoesNotBreakS3f1ReadPath(OrderServiceCachingTest.java:361)
-> at com.team27.amazon.order.service.OrderServiceCachingTest.redisGetFailureDoesNotBreakS3f1ReadPath(OrderServiceCachingTest.java:361)
-> at com.team27.amazon.order.service.OrderServiceCachingTest.redisGetFailureDoesNotBreakS3f1ReadPath(OrderServiceCachingTest.java:361)
-> at com.team27.amazon.order.service.OrderServiceCachingTest.redisGetFailureDoesNotBreakS3f1ReadPath(OrderServiceCachingTest.java:361)
-> at com.team27.amazon.order.service.OrderServiceCachingTest.redisGetFailureDoesNotBreakS3f1ReadPath(OrderServiceCachingTest.java:361)
-> at com.team27.amazon.order.service.OrderServiceCachingTest.redisGetFailureDoesNotBreakS3f1ReadPath(OrderServiceCachingTest.java:361)

You cannot use argument matchers outside of verification or stubbing.
Examples of correct usage of argument matchers:
    when(mock.get(anyInt())).thenReturn(null);
    doThrow(new RuntimeException()).when(mock).someVoidMethod(any());
    verify(mock).someMethod(contains("foo"))

This message may appear after an NullPointerException if the last matcher is returning an object 
like any() but the stubbed method signature expect a primitive argument, in this case,
use primitive alternatives.
    when(mock.get(any())); // bad use, will raise NPE
    when(mock.get(anyInt())); // correct usage use

Also, this error might show up because you use argument matchers with methods that cannot be mocked.
Following methods *cannot* be stubbed/verified: final/private/equals()/hashCode().
Mocking methods declared on non-public parent classes is not supported.

	at org.mockito.junit.jupiter.MockitoExtension.beforeEach(MockitoExtension.java:160)
	at java.base/java.util.ArrayList.forEach(ArrayList.java:1604)
	at java.base/java.util.ArrayList.forEach(ArrayList.java:1604)

[ERROR] com.team27.amazon.order.service.OrderServiceCachingTest.getAllOrdersRemainsUncached -- Time elapsed: 0.007 s <<< ERROR!
org.mockito.exceptions.misusing.NullInsteadOfMockException: 

Argument(s) passed is null!
Examples of correct verifications:
    verifyNoMoreInteractions(mockOne, mockTwo);
    verifyNoInteractions(mockOne, mockTwo);
	at com.team27.amazon.order.service.OrderServiceCachingTest.getAllOrdersRemainsUncached(OrderServiceCachingTest.java:322)

[ERROR] com.team27.amazon.order.service.OrderServiceCachingTest.orderGetByIdCacheHitReturnsCachedOrderAndSkipsRepository -- Time elapsed: 0.002 s <<< ERROR!
java.lang.NullPointerException: Cannot invoke "com.team27.amazon.order.cache.OrderRedisCacheService.orderKey(java.lang.Long)" because "this.orderRedisCacheService" is null
	at com.team27.amazon.order.service.OrderServiceCachingTest.orderGetByIdCacheHitReturnsCachedOrderAndSkipsRepository(OrderServiceCachingTest.java:240)

[ERROR] com.team27.amazon.order.service.OrderServiceCachingTest.cancelOrderInvalidatesRequiredCaches -- Time elapsed: 0.006 s <<< ERROR!
java.lang.NullPointerException: Cannot invoke "com.team27.amazon.order.cache.OrderRedisCacheService.orderKey(java.lang.Long)" because "this.orderRedisCacheService" is null
	at com.team27.amazon.order.service.OrderServiceCachingTest.cancelOrderInvalidatesRequiredCaches(OrderServiceCachingTest.java:404)

[ERROR] com.team27.amazon.order.service.OrderServiceCachingTest.s3f9OrderDetailsCachingUsesTenMinutes -- Time elapsed: 0.004 s <<< ERROR!
java.lang.NullPointerException: Cannot invoke "com.team27.amazon.order.cache.OrderRedisCacheService.get(String, java.lang.Class)" because "this.orderRedisCacheService" is null
	at com.team27.amazon.order.service.OrderServiceCachingTest.s3f9OrderDetailsCachingUsesTenMinutes(OrderServiceCachingTest.java:202)

[ERROR] com.team27.amazon.order.service.OrderServiceCachingTest.s3f6OldAnalyticsCachingUsesTenMinutesAndOldDto -- Time elapsed: 0.003 s <<< ERROR!
java.lang.NullPointerException: Cannot invoke "com.team27.amazon.order.cache.OrderRedisCacheService.orderedParams(Object[])" because "this.orderRedisCacheService" is null
	at com.team27.amazon.order.service.OrderServiceCachingTest.s3f6OldAnalyticsCachingUsesTenMinutesAndOldDto(OrderServiceCachingTest.java:183)

[ERROR] com.team27.amazon.order.service.OrderServiceCachingTest.s3f5MetadataFilterCachingUsesFiveMinutes -- Time elapsed: 0 s <<< ERROR!
org.mockito.exceptions.misusing.InvalidUseOfMatchersException: 

Misplaced or misused argument matcher detected here:

-> at com.team27.amazon.order.service.OrderServiceCachingTest.s3f6OldAnalyticsCachingUsesTenMinutesAndOldDto(OrderServiceCachingTest.java:183)
-> at com.team27.amazon.order.service.OrderServiceCachingTest.s3f6OldAnalyticsCachingUsesTenMinutesAndOldDto(OrderServiceCachingTest.java:183)
-> at com.team27.amazon.order.service.OrderServiceCachingTest.s3f6OldAnalyticsCachingUsesTenMinutesAndOldDto(OrderServiceCachingTest.java:183)
-> at com.team27.amazon.order.service.OrderServiceCachingTest.s3f6OldAnalyticsCachingUsesTenMinutesAndOldDto(OrderServiceCachingTest.java:183)

You cannot use argument matchers outside of verification or stubbing.
Examples of correct usage of argument matchers:
    when(mock.get(anyInt())).thenReturn(null);
    doThrow(new RuntimeException()).when(mock).someVoidMethod(any());
    verify(mock).someMethod(contains("foo"))

This message may appear after an NullPointerException if the last matcher is returning an object 
like any() but the stubbed method signature expect a primitive argument, in this case,
use primitive alternatives.
    when(mock.get(any())); // bad use, will raise NPE
    when(mock.get(anyInt())); // correct usage use

Also, this error might show up because you use argument matchers with methods that cannot be mocked.
Following methods *cannot* be stubbed/verified: final/private/equals()/hashCode().
Mocking methods declared on non-public parent classes is not supported.

	at org.mockito.junit.jupiter.MockitoExtension.beforeEach(MockitoExtension.java:160)
	at java.base/java.util.ArrayList.forEach(ArrayList.java:1604)
	at java.base/java.util.ArrayList.forEach(ArrayList.java:1604)

[ERROR] com.team27.amazon.order.service.OrderServiceCachingTest.s3f1SearchOrdersCacheMissCachesForFiveMinutes -- Time elapsed: 0.011 s <<< ERROR!
java.lang.NullPointerException: Cannot invoke "com.team27.amazon.order.cache.OrderRedisCacheService.orderedParams(Object[])" because "this.orderRedisCacheService" is null
	at com.team27.amazon.order.service.OrderServiceCachingTest.s3f1SearchOrdersCacheMissCachesForFiveMinutes(OrderServiceCachingTest.java:104)

[ERROR] com.team27.amazon.order.service.OrderServiceCachingTest.confirmOrderInvalidatesRequiredOrderFeatureCaches -- Time elapsed: 0 s <<< ERROR!
org.mockito.exceptions.misusing.InvalidUseOfMatchersException: 

Misplaced or misused argument matcher detected here:

-> at com.team27.amazon.order.service.OrderServiceCachingTest.s3f1SearchOrdersCacheMissCachesForFiveMinutes(OrderServiceCachingTest.java:104)
-> at com.team27.amazon.order.service.OrderServiceCachingTest.s3f1SearchOrdersCacheMissCachesForFiveMinutes(OrderServiceCachingTest.java:104)
-> at com.team27.amazon.order.service.OrderServiceCachingTest.s3f1SearchOrdersCacheMissCachesForFiveMinutes(OrderServiceCachingTest.java:104)
-> at com.team27.amazon.order.service.OrderServiceCachingTest.s3f1SearchOrdersCacheMissCachesForFiveMinutes(OrderServiceCachingTest.java:104)
-> at com.team27.amazon.order.service.OrderServiceCachingTest.s3f1SearchOrdersCacheMissCachesForFiveMinutes(OrderServiceCachingTest.java:104)
-> at com.team27.amazon.order.service.OrderServiceCachingTest.s3f1SearchOrdersCacheMissCachesForFiveMinutes(OrderServiceCachingTest.java:104)

You cannot use argument matchers outside of verification or stubbing.
Examples of correct usage of argument matchers:
    when(mock.get(anyInt())).thenReturn(null);
    doThrow(new RuntimeException()).when(mock).someVoidMethod(any());
    verify(mock).someMethod(contains("foo"))

This message may appear after an NullPointerException if the last matcher is returning an object 
like any() but the stubbed method signature expect a primitive argument, in this case,
use primitive alternatives.
    when(mock.get(any())); // bad use, will raise NPE
    when(mock.get(anyInt())); // correct usage use

Also, this error might show up because you use argument matchers with methods that cannot be mocked.
Following methods *cannot* be stubbed/verified: final/private/equals()/hashCode().
Mocking methods declared on non-public parent classes is not supported.

	at org.mockito.junit.jupiter.MockitoExtension.beforeEach(MockitoExtension.java:160)
	at java.base/java.util.ArrayList.forEach(ArrayList.java:1604)
	at java.base/java.util.ArrayList.forEach(ArrayList.java:1604)

[INFO] Running com.team27.amazon.order.service.OrderServiceCancelTest
[INFO] Tests run: 8, Failures: 0, Errors: 0, Skipped: 0, Time elapsed: 0.076 s -- in com.team27.amazon.order.service.OrderServiceCancelTest
[INFO] Running com.team27.amazon.order.service.OrderServiceConfirmTest
2026-05-17T03:50:07.772+03:00  INFO 4500 --- [order-service] [           main] c.t.amazon.order.service.OrderService    : Validated shipping address 99 for userId=77
2026-05-17T03:50:07.791+03:00  INFO 4500 --- [order-service] [           main] c.t.amazon.order.service.OrderService    : Validated shipping address 99 for userId=77
2026-05-17T03:50:07.813+03:00  INFO 4500 --- [order-service] [           main] c.t.amazon.order.service.OrderService    : Validated shipping address 99 for userId=77
2026-05-17T03:50:07.830+03:00  INFO 4500 --- [order-service] [           main] c.t.amazon.order.service.OrderService    : Validated shipping address 99 for userId=77
[ERROR] Tests run: 6, Failures: 1, Errors: 3, Skipped: 0, Time elapsed: 0.081 s <<< FAILURE! -- in com.team27.amazon.order.service.OrderServiceConfirmTest
[ERROR] com.team27.amazon.order.service.OrderServiceConfirmTest.confirmOrderReturnsNotFoundWhenShippingAddressMissing -- Time elapsed: 0.016 s <<< ERROR!
org.mockito.exceptions.misusing.UnnecessaryStubbingException: 

Unnecessary stubbings detected.
Clean & maintainable test code requires zero unnecessary code.
Following stubbings are unnecessary (click to navigate to relevant line of code):
  1. -> at com.team27.amazon.order.service.OrderServiceConfirmTest.confirmOrderReturnsNotFoundWhenShippingAddressMissing(OrderServiceConfirmTest.java:130)
Please remove unnecessary stubbings or use 'lenient' strictness. More info: javadoc for UnnecessaryStubbingException class.
	at org.mockito.junit.jupiter.MockitoExtension.lambda$afterEach$2(MockitoExtension.java:200)
	at java.base/java.util.Optional.ifPresent(Optional.java:178)
	at org.mockito.junit.jupiter.MockitoExtension.afterEach(MockitoExtension.java:198)
	at java.base/java.util.ArrayList.forEach(ArrayList.java:1604)
	at java.base/java.util.ArrayList.forEach(ArrayList.java:1604)

[ERROR] com.team27.amazon.order.service.OrderServiceConfirmTest.confirmOrderConfirmsOrderDeductsStockAndCalculatesTotal -- Time elapsed: 0.014 s <<< ERROR!
org.springframework.web.server.ResponseStatusException: 404 NOT_FOUND "Product not found: 201"
	at com.team27.amazon.order.service.OrderService.confirmOrder(OrderService.java:722)
	at com.team27.amazon.order.service.OrderServiceConfirmTest.confirmOrderConfirmsOrderDeductsStockAndCalculatesTotal(OrderServiceConfirmTest.java:90)

[ERROR] com.team27.amazon.order.service.OrderServiceConfirmTest.confirmOrderReturnsNotFoundWhenProductMissing -- Time elapsed: 0.007 s <<< ERROR!
org.mockito.exceptions.misusing.UnnecessaryStubbingException: 

Unnecessary stubbings detected.
Clean & maintainable test code requires zero unnecessary code.
Following stubbings are unnecessary (click to navigate to relevant line of code):
  1. -> at com.team27.amazon.order.service.OrderServiceConfirmTest.confirmOrderReturnsNotFoundWhenProductMissing(OrderServiceConfirmTest.java:144)
  2. -> at com.team27.amazon.order.service.OrderServiceConfirmTest.confirmOrderReturnsNotFoundWhenProductMissing(OrderServiceConfirmTest.java:145)
Please remove unnecessary stubbings or use 'lenient' strictness. More info: javadoc for UnnecessaryStubbingException class.
	at org.mockito.junit.jupiter.MockitoExtension.lambda$afterEach$2(MockitoExtension.java:200)
	at java.base/java.util.Optional.ifPresent(Optional.java:178)
	at org.mockito.junit.jupiter.MockitoExtension.afterEach(MockitoExtension.java:198)
	at java.base/java.util.ArrayList.forEach(ArrayList.java:1604)
	at java.base/java.util.ArrayList.forEach(ArrayList.java:1604)

[ERROR] com.team27.amazon.order.service.OrderServiceConfirmTest.confirmOrderReturnsBadRequestWhenStockInsufficient -- Time elapsed: 0.010 s <<< FAILURE!
org.opentest4j.AssertionFailedError: expected: <400> but was: <404>
	at org.junit.jupiter.api.AssertionFailureBuilder.build(AssertionFailureBuilder.java:158)
	at org.junit.jupiter.api.AssertionFailureBuilder.buildAndThrow(AssertionFailureBuilder.java:139)
	at org.junit.jupiter.api.AssertEquals.failNotEqual(AssertEquals.java:201)
	at org.junit.jupiter.api.AssertEquals.assertEquals(AssertEquals.java:152)
	at org.junit.jupiter.api.AssertEquals.assertEquals(AssertEquals.java:147)
	at org.junit.jupiter.api.Assertions.assertEquals(Assertions.java:558)
	at com.team27.amazon.order.service.OrderServiceConfirmTest.confirmOrderReturnsBadRequestWhenStockInsufficient(OrderServiceConfirmTest.java:168)

[INFO] Running com.team27.amazon.order.service.OrderServiceDetailsTest
[INFO] Tests run: 3, Failures: 0, Errors: 0, Skipped: 0, Time elapsed: 0.037 s -- in com.team27.amazon.order.service.OrderServiceDetailsTest
[INFO] Running com.team27.amazon.order.service.OrderServiceEstimateTest
[ERROR] Tests run: 5, Failures: 0, Errors: 4, Skipped: 0, Time elapsed: 0.044 s <<< FAILURE! -- in com.team27.amazon.order.service.OrderServiceEstimateTest
[ERROR] com.team27.amazon.order.service.OrderServiceEstimateTest.estimateOrderPriceReturnsNotFoundWhenProductDoesNotExist -- Time elapsed: 0.004 s <<< ERROR!
org.mockito.exceptions.misusing.UnnecessaryStubbingException: 

Unnecessary stubbings detected.
Clean & maintainable test code requires zero unnecessary code.
Following stubbings are unnecessary (click to navigate to relevant line of code):
  1. -> at com.team27.amazon.order.service.OrderServiceEstimateTest.estimateOrderPriceReturnsNotFoundWhenProductDoesNotExist(OrderServiceEstimateTest.java:113)
Please remove unnecessary stubbings or use 'lenient' strictness. More info: javadoc for UnnecessaryStubbingException class.
	at org.mockito.junit.jupiter.MockitoExtension.lambda$afterEach$2(MockitoExtension.java:200)
	at java.base/java.util.Optional.ifPresent(Optional.java:178)
	at org.mockito.junit.jupiter.MockitoExtension.afterEach(MockitoExtension.java:198)
	at java.base/java.util.ArrayList.forEach(ArrayList.java:1604)
	at java.base/java.util.ArrayList.forEach(ArrayList.java:1604)

[ERROR] com.team27.amazon.order.service.OrderServiceEstimateTest.estimateOrderPriceAppliesTenPercentDiscountAboveFifteenItems -- Time elapsed: 0.012 s <<< ERROR!
org.springframework.web.server.ResponseStatusException: 404 NOT_FOUND "Product not found: 1"
	at com.team27.amazon.order.service.OrderService.estimateOrderPrice(OrderService.java:257)
	at com.team27.amazon.order.service.OrderServiceEstimateTest.estimateOrderPriceAppliesTenPercentDiscountAboveFifteenItems(OrderServiceEstimateTest.java:102)

[ERROR] com.team27.amazon.order.service.OrderServiceEstimateTest.estimateOrderPriceAppliesFivePercentDiscountForTenItems -- Time elapsed: 0 s <<< ERROR!
org.springframework.web.server.ResponseStatusException: 404 NOT_FOUND "Product not found: 1"
	at com.team27.amazon.order.service.OrderService.estimateOrderPrice(OrderService.java:257)
	at com.team27.amazon.order.service.OrderServiceEstimateTest.estimateOrderPriceAppliesFivePercentDiscountForTenItems(OrderServiceEstimateTest.java:85)

[ERROR] com.team27.amazon.order.service.OrderServiceEstimateTest.estimateOrderPriceReturnsExpectedValuesForGivenExample -- Time elapsed: 0.012 s <<< ERROR!
org.springframework.web.server.ResponseStatusException: 404 NOT_FOUND "Product not found: 1"
	at com.team27.amazon.order.service.OrderService.estimateOrderPrice(OrderService.java:257)
	at com.team27.amazon.order.service.OrderServiceEstimateTest.estimateOrderPriceReturnsExpectedValuesForGivenExample(OrderServiceEstimateTest.java:65)

[INFO] Running com.team27.amazon.order.service.OrderServiceS3F10Test
Warning: Redis read failed: redis-down
[INFO] Tests run: 8, Failures: 0, Errors: 0, Skipped: 0, Time elapsed: 0.146 s -- in com.team27.amazon.order.service.OrderServiceS3F10Test
[INFO] Running com.team27.amazon.order.service.OrderServiceS3F8Test
[ERROR] Tests run: 4, Failures: 0, Errors: 3, Skipped: 0, Time elapsed: 0.055 s <<< FAILURE! -- in com.team27.amazon.order.service.OrderServiceS3F8Test
[ERROR] com.team27.amazon.order.service.OrderServiceS3F8Test.shouldAddTwoItemsToPendingOrder -- Time elapsed: 0.014 s <<< ERROR!
org.springframework.web.server.ResponseStatusException: 404 NOT_FOUND "Product not found"
	at com.team27.amazon.order.service.OrderService.addItemsToExistingOrder(OrderService.java:196)
	at com.team27.amazon.order.service.OrderServiceS3F8Test.shouldAddTwoItemsToPendingOrder(OrderServiceS3F8Test.java:105)

[ERROR] com.team27.amazon.order.service.OrderServiceS3F8Test.shouldThrow404IfProductNotFound -- Time elapsed: 0.011 s <<< ERROR!
org.mockito.exceptions.misusing.UnnecessaryStubbingException: 

Unnecessary stubbings detected.
Clean & maintainable test code requires zero unnecessary code.
Following stubbings are unnecessary (click to navigate to relevant line of code):
  1. -> at com.team27.amazon.order.service.OrderServiceS3F8Test.shouldThrow404IfProductNotFound(OrderServiceS3F8Test.java:165)
Please remove unnecessary stubbings or use 'lenient' strictness. More info: javadoc for UnnecessaryStubbingException class.
	at org.mockito.junit.jupiter.MockitoExtension.lambda$afterEach$2(MockitoExtension.java:200)
	at java.base/java.util.Optional.ifPresent(Optional.java:178)
	at org.mockito.junit.jupiter.MockitoExtension.afterEach(MockitoExtension.java:198)
	at java.base/java.util.ArrayList.forEach(ArrayList.java:1604)
	at java.base/java.util.ArrayList.forEach(ArrayList.java:1604)

[ERROR] com.team27.amazon.order.service.OrderServiceS3F8Test.shouldContinueItemOrder -- Time elapsed: 0.011 s <<< ERROR!
org.springframework.web.server.ResponseStatusException: 404 NOT_FOUND "Product not found"
	at com.team27.amazon.order.service.OrderService.addItemsToExistingOrder(OrderService.java:196)
	at com.team27.amazon.order.service.OrderServiceS3F8Test.shouldContinueItemOrder(OrderServiceS3F8Test.java:136)

[INFO] Running com.team27.amazon.order.service.OrderServiceSearchTest
[INFO] Tests run: 6, Failures: 0, Errors: 0, Skipped: 0, Time elapsed: 0.038 s -- in com.team27.amazon.order.service.OrderServiceSearchTest
[INFO] Running com.team27.amazon.order.service.RecommendationServiceS3F12Test
2026-05-17T03:50:08.429+03:00 ERROR 4500 --- [order-service] [           main] c.t.a.o.service.RecommendationService    : Failed to validate seed product: Not found
2026-05-17T03:50:08.888+03:00  INFO 4500 --- [order-service] [           main] c.t.a.o.service.RecommendationService    : Validated seed product 1 for recommendations
2026-05-17T03:50:08.893+03:00  INFO 4500 --- [order-service] [           main] c.t.a.o.service.RecommendationService    : Enriched 2 products from batch Feign, filtered to 1 active products
2026-05-17T03:50:08.899+03:00  INFO 4500 --- [order-service] [           main] c.t.a.o.service.RecommendationService    : Validated seed product 1 for recommendations
2026-05-17T03:50:08.901+03:00  INFO 4500 --- [order-service] [           main] c.t.a.o.service.RecommendationService    : Enriched 2 products from batch Feign, filtered to 2 active products
2026-05-17T03:50:08.907+03:00  INFO 4500 --- [order-service] [           main] c.t.a.o.service.RecommendationService    : Validated seed product 999 for recommendations
2026-05-17T03:50:08.913+03:00  INFO 4500 --- [order-service] [           main] c.t.a.o.service.RecommendationService    : Validated seed product 1 for recommendations
2026-05-17T03:50:08.913+03:00  INFO 4500 --- [order-service] [           main] c.t.a.o.service.RecommendationService    : Enriched 1 products from batch Feign, filtered to 1 active products
2026-05-17T03:50:08.923+03:00  INFO 4500 --- [order-service] [           main] c.t.a.o.service.RecommendationService    : Validated seed product 1 for recommendations
2026-05-17T03:50:08.923+03:00  INFO 4500 --- [order-service] [           main] c.t.a.o.service.RecommendationService    : Enriched 2 products from batch Feign, filtered to 1 active products
2026-05-17T03:50:08.928+03:00  INFO 4500 --- [order-service] [           main] c.t.a.o.service.RecommendationService    : Validated seed product 1 for recommendations
2026-05-17T03:50:08.929+03:00  INFO 4500 --- [order-service] [           main] c.t.a.o.service.RecommendationService    : Enriched 2 products from batch Feign, filtered to 2 active products
2026-05-17T03:50:08.929+03:00  INFO 4500 --- [order-service] [           main] c.t.a.o.service.RecommendationService    : Validated seed product 4 for recommendations
2026-05-17T03:50:08.929+03:00  INFO 4500 --- [order-service] [           main] c.t.a.o.service.RecommendationService    : Enriched 1 products from batch Feign, filtered to 1 active products
[ERROR] Tests run: 8, Failures: 0, Errors: 1, Skipped: 0, Time elapsed: 0.759 s <<< FAILURE! -- in com.team27.amazon.order.service.RecommendationServiceS3F12Test
[ERROR] com.team27.amazon.order.service.RecommendationServiceS3F12Test.getRecommendations_shouldReturnEmptyList_whenNoGraphRecommendationsExist -- Time elapsed: 0.009 s <<< ERROR!
org.mockito.exceptions.misusing.UnnecessaryStubbingException: 

Unnecessary stubbings detected.
Clean & maintainable test code requires zero unnecessary code.
Following stubbings are unnecessary (click to navigate to relevant line of code):
  1. -> at com.team27.amazon.order.service.RecommendationServiceS3F12Test.getRecommendations_shouldReturnEmptyList_whenNoGraphRecommendationsExist(RecommendationServiceS3F12Test.java:69)
Please remove unnecessary stubbings or use 'lenient' strictness. More info: javadoc for UnnecessaryStubbingException class.
	at org.mockito.junit.jupiter.MockitoExtension.lambda$afterEach$2(MockitoExtension.java:200)
	at java.base/java.util.Optional.ifPresent(Optional.java:178)
	at org.mockito.junit.jupiter.MockitoExtension.afterEach(MockitoExtension.java:198)
	at java.base/java.util.ArrayList.forEach(ArrayList.java:1604)
	at java.base/java.util.ArrayList.forEach(ArrayList.java:1604)

[INFO] Running OrderServiceTest
[INFO] Tests run: 9, Failures: 0, Errors: 0, Skipped: 0, Time elapsed: 0.001 s -- in OrderServiceTest
[INFO] 
[INFO] Results:
[INFO] 
[ERROR] Failures: 
[ERROR]   OrderServiceConfirmTest.confirmOrderReturnsBadRequestWhenStockInsufficient:168 expected: <400> but was: <404>
[ERROR] Errors: 
[ERROR]   OrderServiceCachingTest.addItemsInvalidatesOrderAndItemRelatedCaches:428 NullPointer Cannot invoke "com.team27.amazon.order.cache.OrderRedisCacheService.orderKey(java.lang.Long)" because "this.orderRedisCacheService" is null
[ERROR]   OrderServiceCachingTest.cancelOrderInvalidatesRequiredCaches:404 NullPointer Cannot invoke "com.team27.amazon.order.cache.OrderRedisCacheService.orderKey(java.lang.Long)" because "this.orderRedisCacheService" is null
[ERROR]   OrderServiceCachingTest.confirmOrderInvalidatesRequiredOrderFeatureCaches » InvalidUseOfMatchers 
Misplaced or misused argument matcher detected here:

-> at com.team27.amazon.order.service.OrderServiceCachingTest.s3f1SearchOrdersCacheMissCachesForFiveMinutes(OrderServiceCachingTest.java:104)
-> at com.team27.amazon.order.service.OrderServiceCachingTest.s3f1SearchOrdersCacheMissCachesForFiveMinutes(OrderServiceCachingTest.java:104)
-> at com.team27.amazon.order.service.OrderServiceCachingTest.s3f1SearchOrdersCacheMissCachesForFiveMinutes(OrderServiceCachingTest.java:104)
-> at com.team27.amazon.order.service.OrderServiceCachingTest.s3f1SearchOrdersCacheMissCachesForFiveMinutes(OrderServiceCachingTest.java:104)
-> at com.team27.amazon.order.service.OrderServiceCachingTest.s3f1SearchOrdersCacheMissCachesForFiveMinutes(OrderServiceCachingTest.java:104)
-> at com.team27.amazon.order.service.OrderServiceCachingTest.s3f1SearchOrdersCacheMissCachesForFiveMinutes(OrderServiceCachingTest.java:104)

You cannot use argument matchers outside of verification or stubbing.
Examples of correct usage of argument matchers:
    when(mock.get(anyInt())).thenReturn(null);
    doThrow(new RuntimeException()).when(mock).someVoidMethod(any());
    verify(mock).someMethod(contains("foo"))

This message may appear after an NullPointerException if the last matcher is returning an object 
like any() but the stubbed method signature expect a primitive argument, in this case,
use primitive alternatives.
    when(mock.get(any())); // bad use, will raise NPE
    when(mock.get(anyInt())); // correct usage use

Also, this error might show up because you use argument matchers with methods that cannot be mocked.
Following methods *cannot* be stubbed/verified: final/private/equals()/hashCode().
Mocking methods declared on non-public parent classes is not supported.

[ERROR]   OrderServiceCachingTest.deliverOrderInvalidatesRequiredCaches » InvalidUseOfMatchers 
Misplaced or misused argument matcher detected here:

-> at com.team27.amazon.order.service.OrderServiceCachingTest.s3f3EstimateCacheHitSkipsComputationReads(OrderServiceCachingTest.java:155)
-> at com.team27.amazon.order.service.OrderServiceCachingTest.s3f3EstimateCacheHitSkipsComputationReads(OrderServiceCachingTest.java:155)

You cannot use argument matchers outside of verification or stubbing.
Examples of correct usage of argument matchers:
    when(mock.get(anyInt())).thenReturn(null);
    doThrow(new RuntimeException()).when(mock).someVoidMethod(any());
    verify(mock).someMethod(contains("foo"))

This message may appear after an NullPointerException if the last matcher is returning an object 
like any() but the stubbed method signature expect a primitive argument, in this case,
use primitive alternatives.
    when(mock.get(any())); // bad use, will raise NPE
    when(mock.get(anyInt())); // correct usage use

Also, this error might show up because you use argument matchers with methods that cannot be mocked.
Following methods *cannot* be stubbed/verified: final/private/equals()/hashCode().
Mocking methods declared on non-public parent classes is not supported.

[ERROR]   OrderServiceCachingTest.getAllOrdersRemainsUncached:322 NullInsteadOfMock 
Argument(s) passed is null!
Examples of correct verifications:
    verifyNoMoreInteractions(mockOne, mockTwo);
    verifyNoInteractions(mockOne, mockTwo);
[ERROR]   OrderServiceCachingTest.orderGetByIdCacheHitReturnsCachedOrderAndSkipsRepository:240 NullPointer Cannot invoke "com.team27.amazon.order.cache.OrderRedisCacheService.orderKey(java.lang.Long)" because "this.orderRedisCacheService" is null
[ERROR]   OrderServiceCachingTest.orderGetByIdCacheMissStoresSnapshotWithEntityKeyAndFifteenMinutes:221 NullPointer Cannot invoke "com.team27.amazon.order.cache.OrderRedisCacheService.orderKey(java.lang.Long)" because "this.orderRedisCacheService" is null
[ERROR]   OrderServiceCachingTest.orderGetByIdRedisFailuresStillReturnDbResultAndLogWarnings » InvalidUseOfMatchers 
Misplaced or misused argument matcher detected here:

-> at com.team27.amazon.order.service.OrderServiceCachingTest.redisGetFailureDoesNotBreakS3f1ReadPath(OrderServiceCachingTest.java:361)
-> at com.team27.amazon.order.service.OrderServiceCachingTest.redisGetFailureDoesNotBreakS3f1ReadPath(OrderServiceCachingTest.java:361)
-> at com.team27.amazon.order.service.OrderServiceCachingTest.redisGetFailureDoesNotBreakS3f1ReadPath(OrderServiceCachingTest.java:361)
-> at com.team27.amazon.order.service.OrderServiceCachingTest.redisGetFailureDoesNotBreakS3f1ReadPath(OrderServiceCachingTest.java:361)
-> at com.team27.amazon.order.service.OrderServiceCachingTest.redisGetFailureDoesNotBreakS3f1ReadPath(OrderServiceCachingTest.java:361)
-> at com.team27.amazon.order.service.OrderServiceCachingTest.redisGetFailureDoesNotBreakS3f1ReadPath(OrderServiceCachingTest.java:361)

You cannot use argument matchers outside of verification or stubbing.
Examples of correct usage of argument matchers:
    when(mock.get(anyInt())).thenReturn(null);
    doThrow(new RuntimeException()).when(mock).someVoidMethod(any());
    verify(mock).someMethod(contains("foo"))

This message may appear after an NullPointerException if the last matcher is returning an object 
like any() but the stubbed method signature expect a primitive argument, in this case,
use primitive alternatives.
    when(mock.get(any())); // bad use, will raise NPE
    when(mock.get(anyInt())); // correct usage use

Also, this error might show up because you use argument matchers with methods that cannot be mocked.
Following methods *cannot* be stubbed/verified: final/private/equals()/hashCode().
Mocking methods declared on non-public parent classes is not supported.

[ERROR]   OrderServiceCachingTest.redisGetFailureDoesNotBreakS3f1ReadPath:361 NullPointer Cannot invoke "com.team27.amazon.order.cache.OrderRedisCacheService.orderedParams(Object[])" because "this.orderRedisCacheService" is null
[ERROR]   OrderServiceCachingTest.s3f1SearchOrdersCacheHitSkipsRepository:118 NullPointer Cannot invoke "com.team27.amazon.order.cache.OrderRedisCacheService.orderedParams(Object[])" because "this.orderRedisCacheService" is null
[ERROR]   OrderServiceCachingTest.s3f1SearchOrdersCacheMissCachesForFiveMinutes:104 NullPointer Cannot invoke "com.team27.amazon.order.cache.OrderRedisCacheService.orderedParams(Object[])" because "this.orderRedisCacheService" is null
[ERROR]   OrderServiceCachingTest.s3f3EstimateCacheHitSkipsComputationReads:155 NullPointer Cannot invoke "com.team27.amazon.order.cache.OrderRedisCacheService.featureKey(String, Object)" because "this.orderRedisCacheService" is null
[ERROR]   OrderServiceCachingTest.s3f3EstimateCacheMissCachesForFiveMinutes » InvalidUseOfMatchers 
Misplaced or misused argument matcher detected here:

-> at com.team27.amazon.order.service.OrderServiceCachingTest.s3f1SearchOrdersCacheHitSkipsRepository(OrderServiceCachingTest.java:118)
-> at com.team27.amazon.order.service.OrderServiceCachingTest.s3f1SearchOrdersCacheHitSkipsRepository(OrderServiceCachingTest.java:118)
-> at com.team27.amazon.order.service.OrderServiceCachingTest.s3f1SearchOrdersCacheHitSkipsRepository(OrderServiceCachingTest.java:118)
-> at com.team27.amazon.order.service.OrderServiceCachingTest.s3f1SearchOrdersCacheHitSkipsRepository(OrderServiceCachingTest.java:118)
-> at com.team27.amazon.order.service.OrderServiceCachingTest.s3f1SearchOrdersCacheHitSkipsRepository(OrderServiceCachingTest.java:118)
-> at com.team27.amazon.order.service.OrderServiceCachingTest.s3f1SearchOrdersCacheHitSkipsRepository(OrderServiceCachingTest.java:118)

You cannot use argument matchers outside of verification or stubbing.
Examples of correct usage of argument matchers:
    when(mock.get(anyInt())).thenReturn(null);
    doThrow(new RuntimeException()).when(mock).someVoidMethod(any());
    verify(mock).someMethod(contains("foo"))

This message may appear after an NullPointerException if the last matcher is returning an object 
like any() but the stubbed method signature expect a primitive argument, in this case,
use primitive alternatives.
    when(mock.get(any())); // bad use, will raise NPE
    when(mock.get(anyInt())); // correct usage use

Also, this error might show up because you use argument matchers with methods that cannot be mocked.
Following methods *cannot* be stubbed/verified: final/private/equals()/hashCode().
Mocking methods declared on non-public parent classes is not supported.

[ERROR]   OrderServiceCachingTest.s3f5MetadataFilterCachingUsesFiveMinutes » InvalidUseOfMatchers 
Misplaced or misused argument matcher detected here:

-> at com.team27.amazon.order.service.OrderServiceCachingTest.s3f6OldAnalyticsCachingUsesTenMinutesAndOldDto(OrderServiceCachingTest.java:183)
-> at com.team27.amazon.order.service.OrderServiceCachingTest.s3f6OldAnalyticsCachingUsesTenMinutesAndOldDto(OrderServiceCachingTest.java:183)
-> at com.team27.amazon.order.service.OrderServiceCachingTest.s3f6OldAnalyticsCachingUsesTenMinutesAndOldDto(OrderServiceCachingTest.java:183)
-> at com.team27.amazon.order.service.OrderServiceCachingTest.s3f6OldAnalyticsCachingUsesTenMinutesAndOldDto(OrderServiceCachingTest.java:183)

You cannot use argument matchers outside of verification or stubbing.
Examples of correct usage of argument matchers:
    when(mock.get(anyInt())).thenReturn(null);
    doThrow(new RuntimeException()).when(mock).someVoidMethod(any());
    verify(mock).someMethod(contains("foo"))

This message may appear after an NullPointerException if the last matcher is returning an object 
like any() but the stubbed method signature expect a primitive argument, in this case,
use primitive alternatives.
    when(mock.get(any())); // bad use, will raise NPE
    when(mock.get(anyInt())); // correct usage use

Also, this error might show up because you use argument matchers with methods that cannot be mocked.
Following methods *cannot* be stubbed/verified: final/private/equals()/hashCode().
Mocking methods declared on non-public parent classes is not supported.

[ERROR]   OrderServiceCachingTest.s3f6OldAnalyticsCachingUsesTenMinutesAndOldDto:183 NullPointer Cannot invoke "com.team27.amazon.order.cache.OrderRedisCacheService.orderedParams(Object[])" because "this.orderRedisCacheService" is null
[ERROR]   OrderServiceCachingTest.s3f9OrderDetailsCachingUsesTenMinutes:202 NullPointer Cannot invoke "com.team27.amazon.order.cache.OrderRedisCacheService.get(String, java.lang.Class)" because "this.orderRedisCacheService" is null
[ERROR]   OrderServiceConfirmTest.confirmOrderConfirmsOrderDeductsStockAndCalculatesTotal:90 » ResponseStatus 404 NOT_FOUND "Product not found: 201"
[ERROR]   OrderServiceConfirmTest.confirmOrderReturnsNotFoundWhenProductMissing » UnnecessaryStubbing 
Unnecessary stubbings detected.
Clean & maintainable test code requires zero unnecessary code.
Following stubbings are unnecessary (click to navigate to relevant line of code):
  1. -> at com.team27.amazon.order.service.OrderServiceConfirmTest.confirmOrderReturnsNotFoundWhenProductMissing(OrderServiceConfirmTest.java:144)
  2. -> at com.team27.amazon.order.service.OrderServiceConfirmTest.confirmOrderReturnsNotFoundWhenProductMissing(OrderServiceConfirmTest.java:145)
Please remove unnecessary stubbings or use 'lenient' strictness. More info: javadoc for UnnecessaryStubbingException class.
[ERROR]   OrderServiceConfirmTest.confirmOrderReturnsNotFoundWhenShippingAddressMissing » UnnecessaryStubbing 
Unnecessary stubbings detected.
Clean & maintainable test code requires zero unnecessary code.
Following stubbings are unnecessary (click to navigate to relevant line of code):
  1. -> at com.team27.amazon.order.service.OrderServiceConfirmTest.confirmOrderReturnsNotFoundWhenShippingAddressMissing(OrderServiceConfirmTest.java:130)
Please remove unnecessary stubbings or use 'lenient' strictness. More info: javadoc for UnnecessaryStubbingException class.
[ERROR]   OrderServiceEstimateTest.estimateOrderPriceAppliesFivePercentDiscountForTenItems:85 » ResponseStatus 404 NOT_FOUND "Product not found: 1"
[ERROR]   OrderServiceEstimateTest.estimateOrderPriceAppliesTenPercentDiscountAboveFifteenItems:102 » ResponseStatus 404 NOT_FOUND "Product not found: 1"
[ERROR]   OrderServiceEstimateTest.estimateOrderPriceReturnsExpectedValuesForGivenExample:65 » ResponseStatus 404 NOT_FOUND "Product not found: 1"
[ERROR]   OrderServiceEstimateTest.estimateOrderPriceReturnsNotFoundWhenProductDoesNotExist » UnnecessaryStubbing 
Unnecessary stubbings detected.
Clean & maintainable test code requires zero unnecessary code.
Following stubbings are unnecessary (click to navigate to relevant line of code):
  1. -> at com.team27.amazon.order.service.OrderServiceEstimateTest.estimateOrderPriceReturnsNotFoundWhenProductDoesNotExist(OrderServiceEstimateTest.java:113)
Please remove unnecessary stubbings or use 'lenient' strictness. More info: javadoc for UnnecessaryStubbingException class.
[ERROR]   OrderServiceS3F8Test.shouldAddTwoItemsToPendingOrder:105 » ResponseStatus 404 NOT_FOUND "Product not found"
[ERROR]   OrderServiceS3F8Test.shouldContinueItemOrder:136 » ResponseStatus 404 NOT_FOUND "Product not found"
[ERROR]   OrderServiceS3F8Test.shouldThrow404IfProductNotFound » UnnecessaryStubbing 
Unnecessary stubbings detected.
Clean & maintainable test code requires zero unnecessary code.
Following stubbings are unnecessary (click to navigate to relevant line of code):
  1. -> at com.team27.amazon.order.service.OrderServiceS3F8Test.shouldThrow404IfProductNotFound(OrderServiceS3F8Test.java:165)
Please remove unnecessary stubbings or use 'lenient' strictness. More info: javadoc for UnnecessaryStubbingException class.
[ERROR]   RecommendationServiceS3F12Test.getRecommendations_shouldReturnEmptyList_whenNoGraphRecommendationsExist » UnnecessaryStubbing 
Unnecessary stubbings detected.
Clean & maintainable test code requires zero unnecessary code.
Following stubbings are unnecessary (click to navigate to relevant line of code):
  1. -> at com.team27.amazon.order.service.RecommendationServiceS3F12Test.getRecommendations_shouldReturnEmptyList_whenNoGraphRecommendationsExist(RecommendationServiceS3F12Test.java:69)
Please remove unnecessary stubbings or use 'lenient' strictness. More info: javadoc for UnnecessaryStubbingException class.
[INFO] 
[ERROR] Tests run: 104, Failures: 1, Errors: 27, Skipped: 0
[INFO] 
[INFO] ------------------------------------------------------------------------
[INFO] BUILD FAILURE
[INFO] ------------------------------------------------------------------------
[INFO] Total time:  43.991 s
[INFO] Finished at: 2026-05-17T03:50:09+03:00
[INFO] ------------------------------------------------------------------------
[ERROR] Failed to execute goal org.apache.maven.plugins:maven-surefire-plugin:3.5.4:test (default-test) on project order-service: There are test failures.
[ERROR] 
[ERROR] See D:\GitHub\27-Uncle-Ali-Amazon\order-service\target\surefire-reports for the individual test results.
[ERROR] See dump files (if any exist) [date].dump, [date]-jvmRun[N].dump and [date].dumpstream.
[ERROR] -> [Help 1]
[ERROR] 
[ERROR] To see the full stack trace of the errors, re-run Maven with the -e switch.
[ERROR] Re-run Maven using the -X switch to enable full debug logging.
[ERROR] 
[ERROR] For more information about the errors and possible solutions, please read the following articles:
[ERROR] [Help 1] http://cwiki.apache.org/confluence/display/MAVEN/MojoFailureException
